Archive member included to satisfy reference by file (symbol)

C:/ST/STM32CubeIDE_1.14.1/STM32CubeIDE/plugins/com.st.stm32cube.ide.mcu.externaltools.gnu-tools-for-stm32.13.3.rel1.win32_1.0.0.202411081344/tools/bin/../lib/gcc/arm-none-eabi/13.3.1/../../../../arm-none-eabi/lib/thumb/v7e-m+fp/hard\libm.a(libm_a-sf_lrint.o)
                              ./Core/Src/dshot.o (lrintf)
C:/ST/STM32CubeIDE_1.14.1/STM32CubeIDE/plugins/com.st.stm32cube.ide.mcu.externaltools.gnu-tools-for-stm32.13.3.rel1.win32_1.0.0.202411081344/tools/bin/../lib/gcc/arm-none-eabi/13.3.1/../../../../arm-none-eabi/lib/thumb/v7e-m+fp/hard\libc_nano.a(libc_a-exit.o)
                              C:/ST/STM32CubeIDE_1.14.1/STM32CubeIDE/plugins/com.st.stm32cube.ide.mcu.externaltools.gnu-tools-for-stm32.13.3.rel1.win32_1.0.0.202411081344/tools/bin/../lib/gcc/arm-none-eabi/13.3.1/../../../../arm-none-eabi/lib/thumb/v7e-m+fp/hard/crt0.o (exit)
C:/ST/STM32CubeIDE_1.14.1/STM32CubeIDE/plugins/com.st.stm32cube.ide.mcu.externaltools.gnu-tools-for-stm32.13.3.rel1.win32_1.0.0.202411081344/tools/bin/../lib/gcc/arm-none-eabi/13.3.1/../../../../arm-none-eabi/lib/thumb/v7e-m+fp/hard\libc_nano.a(libc_a-findfp.o)
                              C:/ST/STM32CubeIDE_1.14.1/STM32CubeIDE/plugins/com.st.stm32cube.ide.mcu.externaltools.gnu-tools-for-stm32.13.3.rel1.win32_1.0.0.202411081344/tools/bin/../lib/gcc/arm-none-eabi/13.3.1/../../../../arm-none-eabi/lib/thumb/v7e-m+fp/hard\libc_nano.a(libc_a-exit.o) (__stdio_exit_handler)
C:/ST/STM32CubeIDE_1.14.1/STM32CubeIDE/plugins/com.st.stm32cube.ide.mcu.externaltools.gnu-tools-for-stm32.13.3.rel1.win32_1.0.0.202411081344/tools/bin/../lib/gcc/arm-none-eabi/13.3.1/../../../../arm-none-eabi/lib/thumb/v7e-m+fp/hard\libc_nano.a(libc_a-fwalk.o)
                              C:/ST/STM32CubeIDE_1.14.1/STM32CubeIDE/plugins/com.st.stm32cube.ide.mcu.externaltools.gnu-tools-for-stm32.13.3.rel1.win32_1.0.0.202411081344/tools/bin/../lib/gcc/arm-none-eabi/13.3.1/../../../../arm-none-eabi/lib/thumb/v7e-m+fp/hard\libc_nano.a(libc_a-findfp.o) (_fwalk_sglue)
C:/ST/STM32CubeIDE_1.14.1/STM32CubeIDE/plugins/com.st.stm32cube.ide.mcu.externaltools.gnu-tools-for-stm32.13.3.rel1.win32_1.0.0.202411081344/tools/bin/../lib/gcc/arm-none-eabi/13.3.1/../../../../arm-none-eabi/lib/thumb/v7e-m+fp/hard\libc_nano.a(libc_a-stdio.o)
                              C:/ST/STM32CubeIDE_1.14.1/STM32CubeIDE/plugins/com.st.stm32cube.ide.mcu.externaltools.gnu-tools-for-stm32.13.3.rel1.win32_1.0.0.202411081344/tools/bin/../lib/gcc/arm-none-eabi/13.3.1/../../../../arm-none-eabi/lib/thumb/v7e-m+fp/hard\libc_nano.a(libc_a-findfp.o) (__sread)
C:/ST/STM32CubeIDE_1.14.1/STM32CubeIDE/plugins/com.st.stm32cube.ide.mcu.externaltools.gnu-tools-for-stm32.13.3.rel1.win32_1.0.0.202411081344/tools/bin/../lib/gcc/arm-none-eabi/13.3.1/../../../../arm-none-eabi/lib/thumb/v7e-m+fp/hard\libc_nano.a(libc_a-memset.o)
                              C:/ST/STM32CubeIDE_1.14.1/STM32CubeIDE/plugins/com.st.stm32cube.ide.mcu.externaltools.gnu-tools-for-stm32.13.3.rel1.win32_1.0.0.202411081344/tools/bin/../lib/gcc/arm-none-eabi/13.3.1/../../../../arm-none-eabi/lib/thumb/v7e-m+fp/hard/crt0.o (memset)
C:/ST/STM32CubeIDE_1.14.1/STM32CubeIDE/plugins/com.st.stm32cube.ide.mcu.externaltools.gnu-tools-for-stm32.13.3.rel1.win32_1.0.0.202411081344/tools/bin/../lib/gcc/arm-none-eabi/13.3.1/../../../../arm-none-eabi/lib/thumb/v7e-m+fp/hard\libc_nano.a(libc_a-closer.o)
                              C:/ST/STM32CubeIDE_1.14.1/STM32CubeIDE/plugins/com.st.stm32cube.ide.mcu.externaltools.gnu-tools-for-stm32.13.3.rel1.win32_1.0.0.202411081344/tools/bin/../lib/gcc/arm-none-eabi/13.3.1/../../../../arm-none-eabi/lib/thumb/v7e-m+fp/hard\libc_nano.a(libc_a-stdio.o) (_close_r)
C:/ST/STM32CubeIDE_1.14.1/STM32CubeIDE/plugins/com.st.stm32cube.ide.mcu.externaltools.gnu-tools-for-stm32.13.3.rel1.win32_1.0.0.202411081344/tools/bin/../lib/gcc/arm-none-eabi/13.3.1/../../../../arm-none-eabi/lib/thumb/v7e-m+fp/hard\libc_nano.a(libc_a-reent.o)
                              C:/ST/STM32CubeIDE_1.14.1/STM32CubeIDE/plugins/com.st.stm32cube.ide.mcu.externaltools.gnu-tools-for-stm32.13.3.rel1.win32_1.0.0.202411081344/tools/bin/../lib/gcc/arm-none-eabi/13.3.1/../../../../arm-none-eabi/lib/thumb/v7e-m+fp/hard\libc_nano.a(libc_a-closer.o) (errno)
C:/ST/STM32CubeIDE_1.14.1/STM32CubeIDE/plugins/com.st.stm32cube.ide.mcu.externaltools.gnu-tools-for-stm32.13.3.rel1.win32_1.0.0.202411081344/tools/bin/../lib/gcc/arm-none-eabi/13.3.1/../../../../arm-none-eabi/lib/thumb/v7e-m+fp/hard\libc_nano.a(libc_a-impure.o)
                              C:/ST/STM32CubeIDE_1.14.1/STM32CubeIDE/plugins/com.st.stm32cube.ide.mcu.externaltools.gnu-tools-for-stm32.13.3.rel1.win32_1.0.0.202411081344/tools/bin/../lib/gcc/arm-none-eabi/13.3.1/../../../../arm-none-eabi/lib/thumb/v7e-m+fp/hard\libc_nano.a(libc_a-reent.o) (_impure_ptr)
[...]
Memory Configuration

Name             Origin             Length             Attributes
RAM              0x20000000         0x00020000         xrw
FLASH            0x08000000         0x00080000         xr
*default*        0x00000000         0xffffffff

Linker script and memory map

LOAD C:/ST/STM32CubeIDE_1.14.1/STM32CubeIDE/plugins/com.st.stm32cube.ide.mcu.externaltools.gnu-tools-for-stm32.13.3.rel1.win32_1.0.0.202411081344/tools/bin/../lib/gcc/arm-none-eabi/13.3.1/thumb/v7e-m+fp/hard/crti.o
LOAD C:/ST/STM32CubeIDE_1.14.1/STM32CubeIDE/plugins/com.st.stm32cube.ide.mcu.externaltools.gnu-tools-for-stm32.13.3.rel1.win32_1.0.0.202411081344/tools/bin/../lib/gcc/arm-none-eabi/13.3.1/thumb/v7e-m+fp/hard/crtbegin.o
LOAD C:/ST/STM32CubeIDE_1.14.1/STM32CubeIDE/plugins/com.st.stm32cube.ide.mcu.externaltools.gnu-tools-for-stm32.13.3.rel1.win32_1.0.0.202411081344/tools/bin/../lib/gcc/arm-none-eabi/13.3.1/../../../../arm-none-eabi/lib/thumb/v7e-m+fp/hard/crt0.o
LOAD ./Core/Src/dma.o
LOAD ./Core/Src/dshot.o
LOAD ./Core/Src/gpio.o
LOAD ./Core/Src/main.o
LOAD ./Core/Src/stm32f4xx_hal_msp.o
LOAD ./Core/Src/stm32f4xx_it.o
LOAD ./Core/Src/syscalls.o
LOAD ./Core/Src/sysmem.o
LOAD ./Core/Src/system_stm32f4xx.o
LOAD ./Core/Src/tim.o
LOAD ./Core/Src/usart.o
LOAD ./Core/Startup/startup_stm32f446retx.o
LOAD ./Drivers/STM32F4xx_HAL_Driver/Src/stm32f4xx_hal.o
LOAD ./Drivers/STM32F4xx_HAL_Driver/Src/stm32f4xx_hal_cortex.o
LOAD ./Drivers/STM32F4xx_HAL_Driver/Src/stm32f4xx_hal_dma.o
LOAD ./Drivers/STM32F4xx_HAL_Driver/Src/stm32f4xx_hal_dma_ex.o
LOAD ./Drivers/STM32F4xx_HAL_Driver/Src/stm32f4xx_hal_exti.o
LOAD ./Drivers/STM32F4xx_HAL_Driver/Src/stm32f4xx_hal_flash.o
LOAD ./Drivers/STM32F4xx_HAL_Driver/Src/stm32f4xx_hal_flash_ex.o
LOAD ./Drivers/STM32F4xx_HAL_Driver/Src/stm32f4xx_hal_flash_ramfunc.o
LOAD ./Drivers/STM32F4xx_HAL_Driver/Src/stm32f4xx_hal_gpio.o
LOAD ./Drivers/STM32F4xx_HAL_Driver/Src/stm32f4xx_hal_pwr.o
LOAD ./Drivers/STM32F4xx_HAL_Driver/Src/stm32f4xx_hal_pwr_ex.o
LOAD ./Drivers/STM32F4xx_HAL_Driver/Src/stm32f4xx_hal_rcc.o
LOAD ./Drivers/STM32F4xx_HAL_Driver/Src/stm32f4xx_hal_rcc_ex.o
LOAD ./Drivers/STM32F4xx_HAL_Driver/Src/stm32f4xx_hal_tim.o
LOAD ./Drivers/STM32F4xx_HAL_Driver/Src/stm32f4xx_hal_tim_ex.o
LOAD ./Drivers/STM32F4xx_HAL_Driver/Src/stm32f4xx_hal_uart.o
START GROUP
LOAD C:/ST/STM32CubeIDE_1.14.1/STM32CubeIDE/plugins/com.st.stm32cube.ide.mcu.externaltools.gnu-tools-for-stm32.13.3.rel1.win32_1.0.0.202411081344/tools/bin/../lib/gcc/arm-none-eabi/13.3.1/../../../../arm-none-eabi/lib/thumb/v7e-m+fp/hard\libstdc++_nano.a
LOAD C:/ST/STM32CubeIDE_1.14.1/STM32CubeIDE/plugins/com.st.stm32cube.ide.mcu.externaltools.gnu-tools-for-stm32.13.3.rel1.win32_1.0.0.202411081344/tools/bin/../lib/gcc/arm-none-eabi/13.3.1/../../../../arm-none-eabi/lib/thumb/v7e-m+fp/hard\libsupc++_nano.a
END GROUP
LOAD C:/ST/STM32CubeIDE_1.14.1/STM32CubeIDE/plugins/com.st.stm32cube.ide.mcu.externaltools.gnu-tools-for-stm32.13.3.rel1.win32_1.0.0.202411081344/tools/bin/../lib/gcc/arm-none-eabi/13.3.1/../../../../arm-none-eabi/lib/thumb/v7e-m+fp/hard\libstdc++_nano.a
LOAD C:/ST/STM32CubeIDE_1.14.1/STM32CubeIDE/plugins/com.st.stm32cube.ide.mcu.externaltools.gnu-tools-for-stm32.13.3.rel1.win32_1.0.0.202411081344/tools/bin/../lib/gcc/arm-none-eabi/13.3.1/../../../../arm-none-eabi/lib/thumb/v7e-m+fp/hard\libm.a
LOAD C:/ST/STM32CubeIDE_1.14.1/STM32CubeIDE/plugins/com.st.stm32cube.ide.mcu.externaltools.gnu-tools-for-stm32.13.3.rel1.win32_1.0.0.202411081344/tools/bin/../lib/gcc/arm-none-eabi/13.3.1/../../../../arm-none-eabi/lib/thumb/v7e-m+fp/hard\libc_nano.a
START GROUP
LOAD C:/ST/STM32CubeIDE_1.14.1/STM32CubeIDE/plugins/com.st.stm32cube.ide.mcu.externaltools.gnu-tools-for-stm32.13.3.rel1.win32_1.0.0.202411081344/tools/bin/../lib/gcc/arm-none-eabi/13.3.1/thumb/v7e-m+fp/hard\libgcc.a
LOAD C:/ST/STM32CubeIDE_1.14.1/STM32CubeIDE/plugins/com.st.stm32cube.ide.mcu.externaltools.gnu-tools-for-stm32.13.3.rel1.win32_1.0.0.202411081344/tools/bin/../lib/gcc/arm-none-eabi/13.3.1/../../../../arm-none-eabi/lib/thumb/v7e-m+fp/hard\libc_nano.a
END GROUP
START GROUP
LOAD C:/ST/STM32CubeIDE_1.14.1/STM32CubeIDE/plugins/com.st.stm32cube.ide.mcu.externaltools.gnu-tools-for-stm32.13.3.rel1.win32_1.0.0.202411081344/tools/bin/../lib/gcc/arm-none-eabi/13.3.1/thumb/v7e-m+fp/hard\libgcc.a
LOAD C:/ST/STM32CubeIDE_1.14.1/STM32CubeIDE/plugins/com.st.stm32cube.ide.mcu.externaltools.gnu-tools-for-stm32.13.3.rel1.win32_1.0.0.202411081344/tools/bin/../lib/gcc/arm-none-eabi/13.3.1/../../../../arm-none-eabi/lib/thumb/v7e-m+fp/hard\libc_nano.a
LOAD C:/ST/STM32CubeIDE_1.14.1/STM32CubeIDE/plugins/com.st.stm32cube.ide.mcu.externaltools.gnu-tools-for-stm32.13.3.rel1.win32_1.0.0.202411081344/tools/bin/../lib/gcc/arm-none-eabi/13.3.1/../../../../arm-none-eabi/lib/thumb/v7e-m+fp/hard\libnosys.a
END GROUP
START GROUP
LOAD C:/ST/STM32CubeIDE_1.14.1/STM32CubeIDE/plugins/com.st.stm32cube.ide.mcu.externaltools.gnu-tools-for-stm32.13.3.rel1.win32_1.0.0.202411081344/tools/bin/../lib/gcc/arm-none-eabi/13.3.1/thumb/v7e-m+fp/hard\libgcc.a
LOAD C:/ST/STM32CubeIDE_1.14.1/STM32CubeIDE/plugins/com.st.stm32cube.ide.mcu.externaltools.gnu-tools-for-stm32.13.3.rel1.win32_1.0.0.202411081344/tools/bin/../lib/gcc/arm-none-eabi/13.3.1/../../../../arm-none-eabi/lib/thumb/v7e-m+fp/hard\libc_nano.a
LOAD C:/ST/STM32CubeIDE_1.14.1/STM32CubeIDE/plugins/com.st.stm32cube.ide.mcu.externaltools.gnu-tools-for-stm32.13.3.rel1.win32_1.0.0.202411081344/tools/bin/../lib/gcc/arm-none-eabi/13.3.1/../../../../arm-none-eabi/lib/thumb/v7e-m+fp/hard\libnosys.a
END GROUP
LOAD C:/ST/STM32CubeIDE_1.14.1/STM32CubeIDE/plugins/com.st.stm32cube.ide.mcu.externaltools.gnu-tools-for-stm32.13.3.rel1.win32_1.0.0.202411081344/tools/bin/../lib/gcc/arm-none-eabi/13.3.1/thumb/v7e-m+fp/hard/crtend.o
LOAD C:/ST/STM32CubeIDE_1.14.1/STM32CubeIDE/plugins/com.st.stm32cube.ide.mcu.externaltools.gnu-tools-for-stm32.13.3.rel1.win32_1.0.0.202411081344/tools/bin/../lib/gcc/arm-none-eabi/13.3.1/thumb/v7e-m+fp/hard/crtn.o
                0x20020000                        _estack = (ORIGIN (RAM) + LENGTH (RAM))
                0x00000200                        _Min_Heap_Size = 0x200
                0x00000400                        _Min_Stack_Size = 0x400

.isr_vector     0x08000000      0x1c4
                0x08000000                        . = ALIGN (0x4)
 *(.isr_vector)
 .isr_vector    0x08000000      0x1c4 ./Core/Startup/startup_stm32f446retx.o
                0x08000000                g_pfnVectors
                0x080001c4                        . = ALIGN (0x4)

.text           0x080001c4     0x4294
                0x080001c4                        . = ALIGN (0x4)
 *(.text)
 .text          0x080001c4       0x40 C:/ST/STM32CubeIDE_1.14.1/STM32CubeIDE/plugins/com.st.stm32cube.ide.mcu.externaltools.gnu-tools-for-stm32.13.3.rel1.win32_1.0.0.202411081344/tools/bin/../lib/gcc/arm-none-eabi/13.3.1/thumb/v7e-m+fp/hard/crtbegin.o
 .text          0x08000204       0x30 C:/ST/STM32CubeIDE_1.14.1/STM32CubeIDE/plugins/com.st.stm32cube.ide.mcu.externaltools.gnu-tools-for-stm32.13.3.rel1.win32_1.0.0.202411081344/tools/bin/../lib/gcc/arm-none-eabi/13.3.1/thumb/v7e-m+fp/hard\libgcc.a(_aeabi_uldivmod.o)
                0x08000204                __aeabi_uldivmod
 .text          0x08000234      0x2f8 C:/ST/STM32CubeIDE_1.14.1/STM32CubeIDE/plugins/com.st.stm32cube.ide.mcu.externaltools.gnu-tools-for-stm32.13.3.rel1.win32_1.0.0.202411081344/tools/bin/../lib/gcc/arm-none-eabi/13.3.1/thumb/v7e-m+fp/hard\libgcc.a(_udivmoddi4.o)
                0x08000234                __udivmoddi4
 .text          0x0800052c        0x4 C:/ST/STM32CubeIDE_1.14.1/STM32CubeIDE/plugins/com.st.stm32cube.ide.mcu.externaltools.gnu-tools-for-stm32.13.3.rel1.win32_1.0.0.202411081344/tools/bin/../lib/gcc/arm-none-eabi/13.3.1/thumb/v7e-m+fp/hard\libgcc.a(_dvmd_tls.o)
                0x0800052c                __aeabi_idiv0
                0x0800052c                __aeabi_ldiv0
 *(.text*)
 .text.MX_DMA_Init
                0x08000530       0xb0 ./Core/Src/dma.o
                0x08000530                MX_DMA_Init
 .text.dshot_init
                0x080005e0       0x22 ./Core/Src/dshot.o
                0x080005e0                dshot_init
 .text.dshot_write
                0x08000602       0x1e ./Core/Src/dshot.o
                0x08000602                dshot_write
 .text.dshot_choose_type
                0x08000620       0x38 ./Core/Src/dshot.o
 .text.dshot_set_timer
                0x08000658      0x118 ./Core/Src/dshot.o
 .text.dshot_dma_tc_callback
                0x08000770       0x88 ./Core/Src/dshot.o
 .text.dshot_put_tc_callback_function
                0x080007f8       0x60 ./Core/Src/dshot.o
 .text.dshot_start_pwm
                0x08000858       0x54 ./Core/Src/dshot.o
 .text.dshot_prepare_packet
                0x080008ac       0x6c ./Core/Src/dshot.o
 .text.dshot_prepare_dmabuffer
                0x08000918       0x60 ./Core/Src/dshot.o
 .text.dshot_prepare_dmabuffer_all
                0x08000978       0xa0 ./Core/Src/dshot.o
 .text.dshot_dma_start
                0x08000a18       0xd4 ./Core/Src/dshot.o
 .text.dshot_enable_dma_request
                0x08000aec       0x9c ./Core/Src/dshot.o
 .text.MX_GPIO_Init
                0x08000b88       0xdc ./Core/Src/gpio.o
                0x08000b88                MX_GPIO_Init
 .text.clamp    0x08000c64       0x52 ./Core/Src/main.o
                0x08000c64                clamp
 .text.clampInt
                0x08000cb6       0x32 ./Core/Src/main.o
                0x08000cb6                clampInt
 .text.motorValueFromFloat
                0x08000ce8       0x9c ./Core/Src/main.o
                0x08000ce8                motorValueFromFloat
 .text.main     0x08000d84       0x9c ./Core/Src/main.o
                0x08000d84                main
 .text.SystemClock_Config
                0x08000e20       0xe4 ./Core/Src/main.o
                0x08000e20                SystemClock_Config
 .text.Error_Handler
                0x08000f04        0xc ./Core/Src/main.o
                0x08000f04                Error_Handler
 .text.HAL_MspInit
                0x08000f10       0x50 ./Core/Src/stm32f4xx_hal_msp.o
                0x08000f10                HAL_MspInit
 .text.NMI_Handler
                0x08000f60        0x8 ./Core/Src/stm32f4xx_it.o
                0x08000f60                NMI_Handler
 .text.HardFault_Handler
                0x08000f68        0x8 ./Core/Src/stm32f4xx_it.o
                0x08000f68                HardFault_Handler
 .text.MemManage_Handler
                0x08000f70        0x8 ./Core/Src/stm32f4xx_it.o
                0x08000f70                MemManage_Handler
 .text.BusFault_Handler
                0x08000f78        0x8 ./Core/Src/stm32f4xx_it.o
                0x08000f78                BusFault_Handler
 .text.UsageFault_Handler
                0x08000f80        0x8 ./Core/Src/stm32f4xx_it.o
                0x08000f80                UsageFault_Handler
 .text.SVC_Handler
                0x08000f88        0xe ./Core/Src/stm32f4xx_it.o
                0x08000f88                SVC_Handler
 .text.DebugMon_Handler
                0x08000f96        0xe ./Core/Src/stm32f4xx_it.o
                0x08000f96                DebugMon_Handler
 .text.PendSV_Handler
                0x08000fa4        0xe ./Core/Src/stm32f4xx_it.o
                0x08000fa4                PendSV_Handler
 .text.SysTick_Handler
                0x08000fb2        0xc ./Core/Src/stm32f4xx_it.o
                0x08000fb2                SysTick_Handler
 *fill*         0x08000fbe        0x2 
 .text.DMA1_Stream0_IRQHandler
                0x08000fc0       0x14 ./Core/Src/stm32f4xx_it.o
                0x08000fc0                DMA1_Stream0_IRQHandler
 .text.DMA1_Stream1_IRQHandler
                0x08000fd4       0x14 ./Core/Src/stm32f4xx_it.o
                0x08000fd4                DMA1_Stream1_IRQHandler
 .text.DMA1_Stream2_IRQHandler
                0x08000fe8       0x14 ./Core/Src/stm32f4xx_it.o
                0x08000fe8                DMA1_Stream2_IRQHandler
 .text.DMA1_Stream3_IRQHandler
                0x08000ffc       0x14 ./Core/Src/stm32f4xx_it.o
                0x08000ffc                DMA1_Stream3_IRQHandler
 .text.DMA1_Stream4_IRQHandler
                0x08001010       0x14 ./Core/Src/stm32f4xx_it.o
                0x08001010                DMA1_Stream4_IRQHandler
 .text.DMA1_Stream5_IRQHandler
                0x08001024       0x14 ./Core/Src/stm32f4xx_it.o
                0x08001024                DMA1_Stream5_IRQHandler
 .text.DMA1_Stream6_IRQHandler
                0x08001038       0x14 ./Core/Src/stm32f4xx_it.o
                0x08001038                DMA1_Stream6_IRQHandler
 .text.DMA1_Stream7_IRQHandler
                0x0800104c       0x14 ./Core/Src/stm32f4xx_it.o
                0x0800104c                DMA1_Stream7_IRQHandler
 .text.SystemInit
                0x08001060       0x24 ./Core/Src/system_stm32f4xx.o
                0x08001060                SystemInit
 .text.MX_TIM2_Init
                0x08001084       0xdc ./Core/Src/tim.o
                0x08001084                MX_TIM2_Init
 .text.MX_TIM3_Init
                0x08001160       0xc8 ./Core/Src/tim.o
                0x08001160                MX_TIM3_Init
 .text.MX_TIM4_Init
                0x08001228       0xe0 ./Core/Src/tim.o
                0x08001228                MX_TIM4_Init
 .text.HAL_TIM_PWM_MspInit
                0x08001308      0x4b4 ./Core/Src/tim.o
                0x08001308                HAL_TIM_PWM_MspInit
 .text.HAL_TIM_MspPostInit
                0x080017bc      0x14c ./Core/Src/tim.o
                0x080017bc                HAL_TIM_MspPostInit
 .text.MX_USART2_UART_Init
                0x08001908       0x54 ./Core/Src/usart.o
                0x08001908                MX_USART2_UART_Init
 .text.HAL_UART_MspInit
                0x0800195c       0x90 ./Core/Src/usart.o
                0x0800195c                HAL_UART_MspInit
 .text.Reset_Handler
                0x080019ec       0x50 ./Core/Startup/startup_stm32f446retx.o
                0x080019ec                Reset_Handler
 .text.Default_Handler
                0x08001a3c        0x2 ./Core/Startup/startup_stm32f446retx.o
                0x08001a3c                RTC_Alarm_IRQHandler
                0x08001a3c                EXTI2_IRQHandler
                0x08001a3c                TIM8_CC_IRQHandler
                0x08001a3c                FMPI2C1_EV_IRQHandler
                0x08001a3c                SPI4_IRQHandler
                0x08001a3c                TIM1_CC_IRQHandler
                0x08001a3c                DMA2_Stream5_IRQHandler
                0x08001a3c                PVD_IRQHandler
                0x08001a3c                SDIO_IRQHandler
                0x08001a3c                TAMP_STAMP_IRQHandler
                0x08001a3c                CAN2_RX1_IRQHandler
                0x08001a3c                EXTI3_IRQHandler
                0x08001a3c                TIM8_TRG_COM_TIM14_IRQHandler
                0x08001a3c                TIM1_UP_TIM10_IRQHandler
                0x08001a3c                TIM8_UP_TIM13_IRQHandler
                0x08001a3c                I2C3_ER_IRQHandler
                0x08001a3c                EXTI0_IRQHandler
                0x08001a3c                I2C2_EV_IRQHandler
                0x08001a3c                CAN1_RX0_IRQHandler
                0x08001a3c                FPU_IRQHandler
                0x08001a3c                OTG_HS_WKUP_IRQHandler
                0x08001a3c                CAN2_SCE_IRQHandler
                0x08001a3c                DMA2_Stream2_IRQHandler
                0x08001a3c                SPI1_IRQHandler
                0x08001a3c                TIM6_DAC_IRQHandler
                0x08001a3c                TIM1_BRK_TIM9_IRQHandler
                0x08001a3c                DCMI_IRQHandler
                0x08001a3c                CAN2_RX0_IRQHandler
                0x08001a3c                DMA2_Stream3_IRQHandler
                0x08001a3c                SAI2_IRQHandler
                0x08001a3c                USART6_IRQHandler
                0x08001a3c                USART3_IRQHandler
                0x08001a3c                CAN1_RX1_IRQHandler
                0x08001a3c                UART5_IRQHandler
                0x08001a3c                DMA2_Stream0_IRQHandler
                0x08001a3c                TIM4_IRQHandler
                0x08001a3c                QUADSPI_IRQHandler
                0x08001a3c                I2C1_EV_IRQHandler
                0x08001a3c                UART4_IRQHandler
                0x08001a3c                TIM3_IRQHandler
                0x08001a3c                RCC_IRQHandler
                0x08001a3c                TIM8_BRK_TIM12_IRQHandler
                0x08001a3c                Default_Handler
                0x08001a3c                CEC_IRQHandler
                0x08001a3c                EXTI15_10_IRQHandler
                0x08001a3c                ADC_IRQHandler
                0x08001a3c                TIM7_IRQHandler
                0x08001a3c                CAN2_TX_IRQHandler
                0x08001a3c                TIM5_IRQHandler
                0x08001a3c                DMA2_Stream7_IRQHandler
                0x08001a3c                I2C3_EV_IRQHandler
                0x08001a3c                EXTI9_5_IRQHandler
                0x08001a3c                RTC_WKUP_IRQHandler
                0x08001a3c                SPDIF_RX_IRQHandler
                0x08001a3c                SPI2_IRQHandler
                0x08001a3c                OTG_HS_EP1_IN_IRQHandler
                0x08001a3c                CAN1_TX_IRQHandler
                0x08001a3c                FMPI2C1_ER_IRQHandler
                0x08001a3c                EXTI4_IRQHandler
                0x08001a3c                OTG_HS_EP1_OUT_IRQHandler
                0x08001a3c                WWDG_IRQHandler
                0x08001a3c                TIM2_IRQHandler
                0x08001a3c                OTG_FS_WKUP_IRQHandler
                0x08001a3c                TIM1_TRG_COM_TIM11_IRQHandler
                0x08001a3c                OTG_HS_IRQHandler
                0x08001a3c                EXTI1_IRQHandler
                0x08001a3c                USART2_IRQHandler
                0x08001a3c                I2C2_ER_IRQHandler
                0x08001a3c                DMA2_Stream1_IRQHandler
                0x08001a3c                CAN1_SCE_IRQHandler
                0x08001a3c                FLASH_IRQHandler
                0x08001a3c                DMA2_Stream4_IRQHandler
                0x08001a3c                USART1_IRQHandler
                0x08001a3c                OTG_FS_IRQHandler
                0x08001a3c                SPI3_IRQHandler
                0x08001a3c                I2C1_ER_IRQHandler
                0x08001a3c                FMC_IRQHandler
                0x08001a3c                DMA2_Stream6_IRQHandler
                0x08001a3c                SAI1_IRQHandler
 *fill*         0x08001a3e        0x2 
 .text.HAL_Init
                0x08001a40       0x44 ./Drivers/STM32F4xx_HAL_Driver/Src/stm32f4xx_hal.o
                0x08001a40                HAL_Init
 .text.HAL_InitTick
                0x08001a84       0x60 ./Drivers/STM32F4xx_HAL_Driver/Src/stm32f4xx_hal.o
                0x08001a84                HAL_InitTick
 .text.HAL_IncTick
                0x08001ae4       0x28 ./Drivers/STM32F4xx_HAL_Driver/Src/stm32f4xx_hal.o
                0x08001ae4                HAL_IncTick
 .text.HAL_GetTick
                0x08001b0c       0x18 ./Drivers/STM32F4xx_HAL_Driver/Src/stm32f4xx_hal.o
                0x08001b0c                HAL_GetTick
 .text.HAL_Delay
                0x08001b24       0x48 ./Drivers/STM32F4xx_HAL_Driver/Src/stm32f4xx_hal.o
                0x08001b24                HAL_Delay
 .text.__NVIC_SetPriorityGrouping
                0x08001b6c       0x48 ./Drivers/STM32F4xx_HAL_Driver/Src/stm32f4xx_hal_cortex.o
 .text.__NVIC_GetPriorityGrouping
                0x08001bb4       0x1c ./Drivers/STM32F4xx_HAL_Driver/Src/stm32f4xx_hal_cortex.o
 .text.__NVIC_EnableIRQ
                0x08001bd0       0x3c ./Drivers/STM32F4xx_HAL_Driver/Src/stm32f4xx_hal_cortex.o
 .text.__NVIC_SetPriority
                0x08001c0c       0x54 ./Drivers/STM32F4xx_HAL_Driver/Src/stm32f4xx_hal_cortex.o
 .text.NVIC_EncodePriority
                0x08001c60       0x66 ./Drivers/STM32F4xx_HAL_Driver/Src/stm32f4xx_hal_cortex.o
 *fill*         0x08001cc6        0x2 
 .text.SysTick_Config
                0x08001cc8       0x44 ./Drivers/STM32F4xx_HAL_Driver/Src/stm32f4xx_hal_cortex.o
 .text.HAL_NVIC_SetPriorityGrouping
                0x08001d0c       0x16 ./Drivers/STM32F4xx_HAL_Driver/Src/stm32f4xx_hal_cortex.o
                0x08001d0c                HAL_NVIC_SetPriorityGrouping
 .text.HAL_NVIC_SetPriority
                0x08001d22       0x38 ./Drivers/STM32F4xx_HAL_Driver/Src/stm32f4xx_hal_cortex.o
                0x08001d22                HAL_NVIC_SetPriority
 .text.HAL_NVIC_EnableIRQ
                0x08001d5a       0x1c ./Drivers/STM32F4xx_HAL_Driver/Src/stm32f4xx_hal_cortex.o
                0x08001d5a                HAL_NVIC_EnableIRQ
 .text.HAL_SYSTICK_Config
                0x08001d76       0x18 ./Drivers/STM32F4xx_HAL_Driver/Src/stm32f4xx_hal_cortex.o
                0x08001d76                HAL_SYSTICK_Config
 *fill*         0x08001d8e        0x2 
 .text.HAL_DMA_Init
                0x08001d90      0x15c ./Drivers/STM32F4xx_HAL_Driver/Src/stm32f4xx_hal_dma.o
                0x08001d90                HAL_DMA_Init
 .text.HAL_DMA_Start_IT
                0x08001eec       0xb0 ./Drivers/STM32F4xx_HAL_Driver/Src/stm32f4xx_hal_dma.o
                0x08001eec                HAL_DMA_Start_IT
 .text.HAL_DMA_IRQHandler
                0x08001f9c      0x314 ./Drivers/STM32F4xx_HAL_Driver/Src/stm32f4xx_hal_dma.o
                0x08001f9c                HAL_DMA_IRQHandler
 .text.DMA_SetConfig
                0x080022b0       0x5c ./Drivers/STM32F4xx_HAL_Driver/Src/stm32f4xx_hal_dma.o
 .text.DMA_CalcBaseAndBitshift
                0x0800230c       0x6c ./Drivers/STM32F4xx_HAL_Driver/Src/stm32f4xx_hal_dma.o
 .text.DMA_CheckFifoParam
                0x08002378       0xf8 ./Drivers/STM32F4xx_HAL_Driver/Src/stm32f4xx_hal_dma.o
 .text.HAL_GPIO_Init
                0x08002470      0x328 ./Drivers/STM32F4xx_HAL_Driver/Src/stm32f4xx_hal_gpio.o
                0x08002470                HAL_GPIO_Init
 .text.HAL_GPIO_WritePin
                0x08002798       0x32 ./Drivers/STM32F4xx_HAL_Driver/Src/stm32f4xx_hal_gpio.o
                0x08002798                HAL_GPIO_WritePin
 *fill*         0x080027ca        0x2 
 .text.HAL_PWREx_EnableOverDrive
                0x080027cc       0xa0 ./Drivers/STM32F4xx_HAL_Driver/Src/stm32f4xx_hal_pwr_ex.o
                0x080027cc                HAL_PWREx_EnableOverDrive
 .text.HAL_RCC_ClockConfig
                0x0800286c      0x1cc ./Drivers/STM32F4xx_HAL_Driver/Src/stm32f4xx_hal_rcc.o
                0x0800286c                HAL_RCC_ClockConfig
 .text.HAL_RCC_GetHCLKFreq
                0x08002a38       0x18 ./Drivers/STM32F4xx_HAL_Driver/Src/stm32f4xx_hal_rcc.o
                0x08002a38                HAL_RCC_GetHCLKFreq
 .text.HAL_RCC_GetPCLK1Freq
                0x08002a50       0x28 ./Drivers/STM32F4xx_HAL_Driver/Src/stm32f4xx_hal_rcc.o
                0x08002a50                HAL_RCC_GetPCLK1Freq
 .text.HAL_RCC_GetPCLK2Freq
                0x08002a78       0x28 ./Drivers/STM32F4xx_HAL_Driver/Src/stm32f4xx_hal_rcc.o
                0x08002a78                HAL_RCC_GetPCLK2Freq
 .text.HAL_RCC_GetSysClockFreq
                0x08002aa0      0x460 ./Drivers/STM32F4xx_HAL_Driver/Src/stm32f4xx_hal_rcc_ex.o
                0x08002aa0                HAL_RCC_GetSysClockFreq
 .text.HAL_RCC_OscConfig
                0x08002f00      0x53c ./Drivers/STM32F4xx_HAL_Driver/Src/stm32f4xx_hal_rcc_ex.o
                0x08002f00                HAL_RCC_OscConfig
 .text.HAL_TIM_PWM_Init
                0x0800343c       0x9e ./Drivers/STM32F4xx_HAL_Driver/Src/stm32f4xx_hal_tim.o
                0x0800343c                HAL_TIM_PWM_Init
 *fill*         0x080034da        0x2 
 .text.HAL_TIM_PWM_Start
                0x080034dc      0x190 ./Drivers/STM32F4xx_HAL_Driver/Src/stm32f4xx_hal_tim.o
                0x080034dc                HAL_TIM_PWM_Start
 .text.HAL_TIM_PWM_ConfigChannel
                0x0800366c      0x184 ./Drivers/STM32F4xx_HAL_Driver/Src/stm32f4xx_hal_tim.o
                0x0800366c                HAL_TIM_PWM_ConfigChannel
 .text.TIM_Base_SetConfig
                0x080037f0      0x14c ./Drivers/STM32F4xx_HAL_Driver/Src/stm32f4xx_hal_tim.o
                0x080037f0                TIM_Base_SetConfig
 .text.TIM_OC1_SetConfig
                0x0800393c       0xe0 ./Drivers/STM32F4xx_HAL_Driver/Src/stm32f4xx_hal_tim.o
 .text.TIM_OC2_SetConfig
                0x08003a1c       0xec ./Drivers/STM32F4xx_HAL_Driver/Src/stm32f4xx_hal_tim.o
                0x08003a1c                TIM_OC2_SetConfig
 .text.TIM_OC3_SetConfig
                0x08003b08       0xe8 ./Drivers/STM32F4xx_HAL_Driver/Src/stm32f4xx_hal_tim.o
 .text.TIM_OC4_SetConfig
                0x08003bf0       0xac ./Drivers/STM32F4xx_HAL_Driver/Src/stm32f4xx_hal_tim.o
 .text.TIM_CCxChannelCmd
                0x08003c9c       0x4a ./Drivers/STM32F4xx_HAL_Driver/Src/stm32f4xx_hal_tim.o
                0x08003c9c                TIM_CCxChannelCmd
 *fill*         0x08003ce6        0x2 
 .text.HAL_TIMEx_MasterConfigSynchronization
                0x08003ce8       0xf8 ./Drivers/STM32F4xx_HAL_Driver/Src/stm32f4xx_hal_tim_ex.o
                0x08003ce8                HAL_TIMEx_MasterConfigSynchronization
 .text.HAL_UART_Init
                0x08003de0       0xa0 ./Drivers/STM32F4xx_HAL_Driver/Src/stm32f4xx_hal_uart.o
                0x08003de0                HAL_UART_Init
 .text.UART_SetConfig
                0x08003e80      0x4e8 ./Drivers/STM32F4xx_HAL_Driver/Src/stm32f4xx_hal_uart.o
 .text.lrintf   0x08004368       0x80 C:/ST/STM32CubeIDE_1.14.1/STM32CubeIDE/plugins/com.st.stm32cube.ide.mcu.externaltools.gnu-tools-for-stm32.13.3.rel1.win32_1.0.0.202411081344/tools/bin/../lib/gcc/arm-none-eabi/13.3.1/../../../../arm-none-eabi/lib/thumb/v7e-m+fp/hard\libm.a(libm_a-sf_lrint.o)
                0x08004368                lrintf
 .text.memset   0x080043e8       0x10 C:/ST/STM32CubeIDE_1.14.1/STM32CubeIDE/plugins/com.st.stm32cube.ide.mcu.externaltools.gnu-tools-for-stm32.13.3.rel1.win32_1.0.0.202411081344/tools/bin/../lib/gcc/arm-none-eabi/13.3.1/../../../../arm-none-eabi/lib/thumb/v7e-m+fp/hard\libc_nano.a(libc_a-memset.o)
                0x080043e8                memset
 .text.__libc_init_array
                0x080043f8       0x48 C:/ST/STM32CubeIDE_1.14.1/STM32CubeIDE/plugins/com.st.stm32cube.ide.mcu.externaltools.gnu-tools-for-stm32.13.3.rel1.win32_1.0.0.202411081344/tools/bin/../lib/gcc/arm-none-eabi/13.3.1/../../../../arm-none-eabi/lib/thumb/v7e-m+fp/hard\libc_nano.a(libc_a-init.o)
                0x080043f8                __libc_init_array
 *(.glue_7)
 .glue_7        0x08004440        0x0 linker stubs
 *(.glue_7t)
 .glue_7t       0x08004440        0x0 linker stubs
 *(.eh_frame)
 .eh_frame      0x08004440        0x0 C:/ST/STM32CubeIDE_1.14.1/STM32CubeIDE/plugins/com.st.stm32cube.ide.mcu.externaltools.gnu-tools-for-stm32.13.3.rel1.win32_1.0.0.202411081344/tools/bin/../lib/gcc/arm-none-eabi/13.3.1/thumb/v7e-m+fp/hard/crtbegin.o
 *(.init)
 .init          0x08004440        0x4 C:/ST/STM32CubeIDE_1.14.1/STM32CubeIDE/plugins/com.st.stm32cube.ide.mcu.externaltools.gnu-tools-for-stm32.13.3.rel1.win32_1.0.0.202411081344/tools/bin/../lib/gcc/arm-none-eabi/13.3.1/thumb/v7e-m+fp/hard/crti.o
                0x08004440                _init
 .init          0x08004444        0x8 C:/ST/STM32CubeIDE_1.14.1/STM32CubeIDE/plugins/com.st.stm32cube.ide.mcu.externaltools.gnu-tools-for-stm32.13.3.rel1.win32_1.0.0.202411081344/tools/bin/../lib/gcc/arm-none-eabi/13.3.1/thumb/v7e-m+fp/hard/crtn.o
 *(.fini)
 .fini          0x0800444c        0x4 C:/ST/STM32CubeIDE_1.14.1/STM32CubeIDE/plugins/com.st.stm32cube.ide.mcu.externaltools.gnu-tools-for-stm32.13.3.rel1.win32_1.0.0.202411081344/tools/bin/../lib/gcc/arm-none-eabi/13.3.1/thumb/v7e-m+fp/hard/crti.o
                0x0800444c                _fini
 .fini          0x08004450        0x8 C:/ST/STM32CubeIDE_1.14.1/STM32CubeIDE/plugins/com.st.stm32cube.ide.mcu.externaltools.gnu-tools-for-stm32.13.3.rel1.win32_1.0.0.202411081344/tools/bin/../lib/gcc/arm-none-eabi/13.3.1/thumb/v7e-m+fp/hard/crtn.o
                0x08004458                        . = ALIGN (0x4)
                0x08004458                        _etext = .

.vfp11_veneer   0x08004458        0x0
 .vfp11_veneer  0x08004458        0x0 linker stubs

.v4_bx          0x08004458        0x0
 .v4_bx         0x08004458        0x0 linker stubs

.iplt           0x08004458        0x0
 .iplt          0x08004458        0x0 C:/ST/STM32CubeIDE_1.14.1/STM32CubeIDE/plugins/com.st.stm32cube.ide.mcu.externaltools.gnu-tools-for-stm32.13.3.rel1.win32_1.0.0.202411081344/tools/bin/../lib/gcc/arm-none-eabi/13.3.1/thumb/v7e-m+fp/hard/crtbegin.o

.rodata         0x08004458       0x28
                0x08004458                        . = ALIGN (0x4)
 *(.rodata)
 *(.rodata*)
 .rodata.AHBPrescTable
                0x08004458       0x10 ./Core/Src/system_stm32f4xx.o
                0x08004458                AHBPrescTable
 .rodata.APBPrescTable
                0x08004468        0x8 ./Core/Src/system_stm32f4xx.o
                0x08004468                APBPrescTable
 .rodata.flagBitshiftOffset.0
                0x08004470        0x8 ./Drivers/STM32F4xx_HAL_Driver/Src/stm32f4xx_hal_dma.o
 .rodata.TWO23  0x08004478        0x8 C:/ST/STM32CubeIDE_1.14.1/STM32CubeIDE/plugins/com.st.stm32cube.ide.mcu.externaltools.gnu-tools-for-stm32.13.3.rel1.win32_1.0.0.202411081344/tools/bin/../lib/gcc/arm-none-eabi/13.3.1/../../../../arm-none-eabi/lib/thumb/v7e-m+fp/hard\libm.a(libm_a-sf_lrint.o)
                0x08004480                        . = ALIGN (0x4)

.ARM.extab      0x08004480        0x0
                0x08004480                        . = ALIGN (0x4)
 *(.ARM.extab* .gnu.linkonce.armextab.*)
                0x08004480                        . = ALIGN (0x4)

.ARM            0x08004480        0x8
                0x08004480                        . = ALIGN (0x4)
                0x08004480                        __exidx_start = .
 *(.ARM.exidx*)
 .ARM.exidx     0x08004480        0x8 C:/ST/STM32CubeIDE_1.14.1/STM32CubeIDE/plugins/com.st.stm32cube.ide.mcu.externaltools.gnu-tools-for-stm32.13.3.rel1.win32_1.0.0.202411081344/tools/bin/../lib/gcc/arm-none-eabi/13.3.1/thumb/v7e-m+fp/hard\libgcc.a(_udivmoddi4.o)
                0x08004488                        __exidx_end = .
                0x08004488                        . = ALIGN (0x4)

.preinit_array  0x08004488        0x0
                0x08004488                        . = ALIGN (0x4)
                0x08004488                        PROVIDE (__preinit_array_start = .)
 *(.preinit_array*)
                0x08004488                        PROVIDE (__preinit_array_end = .)
                0x08004488                        . = ALIGN (0x4)

.init_array     0x08004488        0x4
                0x08004488                        . = ALIGN (0x4)
                0x08004488                        PROVIDE (__init_array_start = .)
 *(SORT_BY_NAME(.init_array.*))
 *(.init_array*)
 .init_array    0x08004488        0x4 C:/ST/STM32CubeIDE_1.14.1/STM32CubeIDE/plugins/com.st.stm32cube.ide.mcu.externaltools.gnu-tools-for-stm32.13.3.rel1.win32_1.0.0.202411081344/tools/bin/../lib/gcc/arm-none-eabi/13.3.1/thumb/v7e-m+fp/hard/crtbegin.o
                0x0800448c                        PROVIDE (__init_array_end = .)
                0x0800448c                        . = ALIGN (0x4)

.fini_array     0x0800448c        0x4
                0x0800448c                        . = ALIGN (0x4)
                [!provide]                        PROVIDE (__fini_array_start = .)
 *(SORT_BY_NAME(.fini_array.*))
 *(.fini_array*)
 .fini_array    0x0800448c        0x4 C:/ST/STM32CubeIDE_1.14.1/STM32CubeIDE/plugins/com.st.stm32cube.ide.mcu.externaltools.gnu-tools-for-stm32.13.3.rel1.win32_1.0.0.202411081344/tools/bin/../lib/gcc/arm-none-eabi/13.3.1/thumb/v7e-m+fp/hard/crtbegin.o
                [!provide]                        PROVIDE (__fini_array_end = .)
                0x08004490                        . = ALIGN (0x4)
                0x08004490                        _sidata = LOADADDR (.data)

.rel.dyn        0x08004490        0x0
 .rel.iplt      0x08004490        0x0 C:/ST/STM32CubeIDE_1.14.1/STM32CubeIDE/plugins/com.st.stm32cube.ide.mcu.externaltools.gnu-tools-for-stm32.13.3.rel1.win32_1.0.0.202411081344/tools/bin/../lib/gcc/arm-none-eabi/13.3.1/thumb/v7e-m+fp/hard/crtbegin.o

.data           0x20000000        0xc load address 0x08004490
                0x20000000                        . = ALIGN (0x4)
                0x20000000                        _sdata = .
 *(.data)
 *(.data*)
 .data.SystemCoreClock
                0x20000000        0x4 ./Core/Src/system_stm32f4xx.o
                0x20000000                SystemCoreClock
 .data.uwTickPrio
                0x20000004        0x4 ./Drivers/STM32F4xx_HAL_Driver/Src/stm32f4xx_hal.o
                0x20000004                uwTickPrio
 .data.uwTickFreq
                0x20000008        0x1 ./Drivers/STM32F4xx_HAL_Driver/Src/stm32f4xx_hal.o
                0x20000008                uwTickFreq
 *(.RamFunc)
 *(.RamFunc*)
                0x2000000c                        . = ALIGN (0x4)
 *fill*         0x20000009        0x3 
                0x2000000c                        _edata = .

.igot.plt       0x2000000c        0x0 load address 0x0800449c
 .igot.plt      0x2000000c        0x0 C:/ST/STM32CubeIDE_1.14.1/STM32CubeIDE/plugins/com.st.stm32cube.ide.mcu.externaltools.gnu-tools-for-stm32.13.3.rel1.win32_1.0.0.202411081344/tools/bin/../lib/gcc/arm-none-eabi/13.3.1/thumb/v7e-m+fp/hard/crtbegin.o
                0x2000000c                        . = ALIGN (0x4)

.bss            0x2000000c      0x698 load address 0x0800449c
                0x2000000c                        _sbss = .
                0x2000000c                        __bss_start__ = _sbss
 *(.bss)
 .bss           0x2000000c       0x1c C:/ST/STM32CubeIDE_1.14.1/STM32CubeIDE/plugins/com.st.stm32cube.ide.mcu.externaltools.gnu-tools-for-stm32.13.3.rel1.win32_1.0.0.202411081344/tools/bin/../lib/gcc/arm-none-eabi/13.3.1/thumb/v7e-m+fp/hard/crtbegin.o
 *(.bss*)
 .bss.motor1_dmabuffer
                0x20000028       0x48 ./Core/Src/dshot.o
 .bss.motor2_dmabuffer
                0x20000070       0x48 ./Core/Src/dshot.o
 .bss.motor3_dmabuffer
                0x200000b8       0x48 ./Core/Src/dshot.o
 .bss.motor4_dmabuffer
                0x20000100       0x48 ./Core/Src/dshot.o
 .bss.motor5_dmabuffer
                0x20000148       0x48 ./Core/Src/dshot.o
 .bss.motor6_dmabuffer
                0x20000190       0x48 ./Core/Src/dshot.o
 .bss.motor7_dmabuffer
                0x200001d8       0x48 ./Core/Src/dshot.o
 .bss.motor8_dmabuffer
                0x20000220       0x48 ./Core/Src/dshot.o
 .bss.my_motor_value
                0x20000268       0x10 ./Core/Src/main.o
                0x20000268                my_motor_value
 .bss.motorValue
                0x20000278        0x2 ./Core/Src/main.o
                0x20000278                motorValue
 *fill*         0x2000027a        0x2 
 .bss.motorValueFloat
                0x2000027c        0x4 ./Core/Src/main.o
                0x2000027c                motorValueFloat
 .bss.htim2     0x20000280       0x48 ./Core/Src/tim.o
                0x20000280                htim2
 .bss.htim3     0x200002c8       0x48 ./Core/Src/tim.o
                0x200002c8                htim3
 .bss.htim4     0x20000310       0x48 ./Core/Src/tim.o
                0x20000310                htim4
 .bss.hdma_tim2_ch1
                0x20000358       0x60 ./Core/Src/tim.o
                0x20000358                hdma_tim2_ch1
 .bss.hdma_tim2_ch2_ch4
                0x200003b8       0x60 ./Core/Src/tim.o
                0x200003b8                hdma_tim2_ch2_ch4
 .bss.hdma_tim2_up_ch3
                0x20000418       0x60 ./Core/Src/tim.o
                0x20000418                hdma_tim2_up_ch3
 .bss.hdma_tim3_ch1_trig
                0x20000478       0x60 ./Core/Src/tim.o
                0x20000478                hdma_tim3_ch1_trig
 .bss.hdma_tim3_ch4_up
                0x200004d8       0x60 ./Core/Src/tim.o
                0x200004d8                hdma_tim3_ch4_up
 .bss.hdma_tim4_ch1
                0x20000538       0x60 ./Core/Src/tim.o
                0x20000538                hdma_tim4_ch1
 .bss.hdma_tim4_ch2
                0x20000598       0x60 ./Core/Src/tim.o
                0x20000598                hdma_tim4_ch2
 .bss.hdma_tim4_ch3
                0x200005f8       0x60 ./Core/Src/tim.o
                0x200005f8                hdma_tim4_ch3
 .bss.huart2    0x20000658       0x48 ./Core/Src/usart.o
                0x20000658                huart2
 .bss.uwTick    0x200006a0        0x4 ./Drivers/STM32F4xx_HAL_Driver/Src/stm32f4xx_hal.o
                0x200006a0                uwTick
 *(COMMON)
                0x200006a4                        . = ALIGN (0x4)
                0x200006a4                        _ebss = .
                0x200006a4                        __bss_end__ = _ebss

._user_heap_stack
                0x200006a4      0x604 load address 0x0800449c
                0x200006a8                        . = ALIGN (0x8)
 *fill*         0x200006a4        0x4 
                [!provide]                        PROVIDE (end = .)
                0x200006a8                        PROVIDE (_end = .)
                0x200008a8                        . = (. + _Min_Heap_Size)
 *fill*         0x200006a8      0x200 
                0x20000ca8                        . = (. + _Min_Stack_Size)
 *fill*         0x200008a8      0x400 
                0x20000ca8                        . = ALIGN (0x8)

/DISCARD/
 libc.a(*)
 libm.a(*)
 libgcc.a(*)

.ARM.attributes
                0x00000000       0x30
 *(.ARM.attributes)
 .ARM.attributes
                0x00000000       0x22 C:/ST/STM32CubeIDE_1.14.1/STM32CubeIDE/plugins/com.st.stm32cube.ide.mcu.externaltools.gnu-tools-for-stm32.13.3.rel1.win32_1.0.0.202411081344/tools/bin/../lib/gcc/arm-none-eabi/13.3.1/thumb/v7e-m+fp/hard/crti.o
 .ARM.attributes
                0x00000022       0x34 C:/ST/STM32CubeIDE_1.14.1/STM32CubeIDE/plugins/com.st.stm32cube.ide.mcu.externaltools.gnu-tools-for-stm32.13.3.rel1.win32_1.0.0.202411081344/tools/bin/../lib/gcc/arm-none-eabi/13.3.1/thumb/v7e-m+fp/hard/crtbegin.o
 .ARM.attributes
                0x00000056       0x34 ./Core/Src/dma.o
 .ARM.attributes
                0x0000008a       0x34 ./Core/Src/dshot.o
 .ARM.attributes
                0x000000be       0x34 ./Core/Src/gpio.o
 .ARM.attributes
                0x000000f2       0x34 ./Core/Src/main.o
 .ARM.attributes
                0x00000126       0x34 ./Core/Src/stm32f4xx_hal_msp.o
 .ARM.attributes
                0x0000015a       0x34 ./Core/Src/stm32f4xx_it.o
 .ARM.attributes
                0x0000018e       0x34 ./Core/Src/system_stm32f4xx.o
 .ARM.attributes
                0x000001c2       0x34 ./Core/Src/tim.o
 .ARM.attributes
                0x000001f6       0x34 ./Core/Src/usart.o
 .ARM.attributes
                0x0000022a       0x21 ./Core/Startup/startup_stm32f446retx.o
 .ARM.attributes
                0x0000024b       0x34 ./Drivers/STM32F4xx_HAL_Driver/Src/stm32f4xx_hal.o
 .ARM.attributes
                0x0000027f       0x34 ./Drivers/STM32F4xx_HAL_Driver/Src/stm32f4xx_hal_cortex.o
 .ARM.attributes
                0x000002b3       0x34 ./Drivers/STM32F4xx_HAL_Driver/Src/stm32f4xx_hal_dma.o
 .ARM.attributes
                0x000002e7       0x34 ./Drivers/STM32F4xx_HAL_Driver/Src/stm32f4xx_hal_gpio.o
 .ARM.attributes
                0x0000031b       0x34 ./Drivers/STM32F4xx_HAL_Driver/Src/stm32f4xx_hal_pwr_ex.o
 .ARM.attributes
                0x0000034f       0x34 ./Drivers/STM32F4xx_HAL_Driver/Src/stm32f4xx_hal_rcc.o
 .ARM.attributes
                0x00000383       0x34 ./Drivers/STM32F4xx_HAL_Driver/Src/stm32f4xx_hal_rcc_ex.o
 .ARM.attributes
                0x000003b7       0x34 ./Drivers/STM32F4xx_HAL_Driver/Src/stm32f4xx_hal_tim.o
 .ARM.attributes
                0x000003eb       0x34 ./Drivers/STM32F4xx_HAL_Driver/Src/stm32f4xx_hal_tim_ex.o
 .ARM.attributes
                0x0000041f       0x34 ./Drivers/STM32F4xx_HAL_Driver/Src/stm32f4xx_hal_uart.o
 .ARM.attributes
                0x00000453       0x34 C:/ST/STM32CubeIDE_1.14.1/STM32CubeIDE/plugins/com.st.stm32cube.ide.mcu.externaltools.gnu-tools-for-stm32.13.3.rel1.win32_1.0.0.202411081344/tools/bin/../lib/gcc/arm-none-eabi/13.3.1/../../../../arm-none-eabi/lib/thumb/v7e-m+fp/hard\libm.a(libm_a-sf_lrint.o)
 .ARM.attributes
                0x00000487       0x34 C:/ST/STM32CubeIDE_1.14.1/STM32CubeIDE/plugins/com.st.stm32cube.ide.mcu.externaltools.gnu-tools-for-stm32.13.3.rel1.win32_1.0.0.202411081344/tools/bin/../lib/gcc/arm-none-eabi/13.3.1/../../../../arm-none-eabi/lib/thumb/v7e-m+fp/hard\libc_nano.a(libc_a-memset.o)
 .ARM.attributes
                0x000004bb       0x34 C:/ST/STM32CubeIDE_1.14.1/STM32CubeIDE/plugins/com.st.stm32cube.ide.mcu.externaltools.gnu-tools-for-stm32.13.3.rel1.win32_1.0.0.202411081344/tools/bin/../lib/gcc/arm-none-eabi/13.3.1/../../../../arm-none-eabi/lib/thumb/v7e-m+fp/hard\libc_nano.a(libc_a-init.o)
 .ARM.attributes
                0x000004ef       0x22 C:/ST/STM32CubeIDE_1.14.1/STM32CubeIDE/plugins/com.st.stm32cube.ide.mcu.externaltools.gnu-tools-for-stm32.13.3.rel1.win32_1.0.0.202411081344/tools/bin/../lib/gcc/arm-none-eabi/13.3.1/thumb/v7e-m+fp/hard\libgcc.a(_aeabi_uldivmod.o)
 .ARM.attributes
                0x00000511       0x34 C:/ST/STM32CubeIDE_1.14.1/STM32CubeIDE/plugins/com.st.stm32cube.ide.mcu.externaltools.gnu-tools-for-stm32.13.3.rel1.win32_1.0.0.202411081344/tools/bin/../lib/gcc/arm-none-eabi/13.3.1/thumb/v7e-m+fp/hard\libgcc.a(_udivmoddi4.o)
 .ARM.attributes
                0x00000545       0x22 C:/ST/STM32CubeIDE_1.14.1/STM32CubeIDE/plugins/com.st.stm32cube.ide.mcu.externaltools.gnu-tools-for-stm32.13.3.rel1.win32_1.0.0.202411081344/tools/bin/../lib/gcc/arm-none-eabi/13.3.1/thumb/v7e-m+fp/hard\libgcc.a(_dvmd_tls.o)
 .ARM.attributes
                0x00000567       0x22 C:/ST/STM32CubeIDE_1.14.1/STM32CubeIDE/plugins/com.st.stm32cube.ide.mcu.externaltools.gnu-tools-for-stm32.13.3.rel1.win32_1.0.0.202411081344/tools/bin/../lib/gcc/arm-none-eabi/13.3.1/thumb/v7e-m+fp/hard/crtn.o
OUTPUT(dshot testing.elf elf32-littlearm)
LOAD linker stubs
LOAD C:/ST/STM32CubeIDE_1.14.1/STM32CubeIDE/plugins/com.st.stm32cube.ide.mcu.externaltools.gnu-tools-for-stm32.13.3.rel1.win32_1.0.0.202411081344/tools/bin/../lib/gcc/arm-none-eabi/13.3.1/../../../../arm-none-eabi/lib/thumb/v7e-m+fp/hard\libc.a
LOAD C:/ST/STM32CubeIDE_1.14.1/STM32CubeIDE/plugins/com.st.stm32cube.ide.mcu.externaltools.gnu-tools-for-stm32.13.3.rel1.win32_1.0.0.202411081344/tools/bin/../lib/gcc/arm-none-eabi/13.3.1/../../../../arm-none-eabi/lib/thumb/v7e-m+fp/hard\libm.a
LOAD C:/ST/STM32CubeIDE_1.14.1/STM32CubeIDE/plugins/com.st.stm32cube.ide.mcu.externaltools.gnu-tools-for-stm32.13.3.rel1.win32_1.0.0.202411081344/tools/bin/../lib/gcc/arm-none-eabi/13.3.1/thumb/v7e-m+fp/hard\libgcc.a

.debug_info     0x00000000     0xeb33
 .debug_info    0x00000000      0x4fb ./Core/Src/dma.o
 .debug_info    0x000004fb      0x9cb ./Core/Src/dshot.o
 .debug_info    0x00000ec6      0x439 ./Core/Src/gpio.o
 .debug_info    0x000012ff      0x6d1 ./Core/Src/main.o
 .debug_info    0x000019d0      0x2ac ./Core/Src/stm32f4xx_hal_msp.o
 .debug_info    0x00001c7c      0x461 ./Core/Src/stm32f4xx_it.o
 .debug_info    0x000020dd      0x54a ./Core/Src/system_stm32f4xx.o
 .debug_info    0x00002627      0xd59 ./Core/Src/tim.o
 .debug_info    0x00003380      0x94d ./Core/Src/usart.o
 .debug_info    0x00003ccd       0x30 ./Core/Startup/startup_stm32f446retx.o
 .debug_info    0x00003cfd      0x99a ./Drivers/STM32F4xx_HAL_Driver/Src/stm32f4xx_hal.o
 .debug_info    0x00004697      0xdaa ./Drivers/STM32F4xx_HAL_Driver/Src/stm32f4xx_hal_cortex.o
 .debug_info    0x00005441      0x8e7 ./Drivers/STM32F4xx_HAL_Driver/Src/stm32f4xx_hal_dma.o
 .debug_info    0x00005d28      0x70b ./Drivers/STM32F4xx_HAL_Driver/Src/stm32f4xx_hal_gpio.o
 .debug_info    0x00006433      0x6da ./Drivers/STM32F4xx_HAL_Driver/Src/stm32f4xx_hal_pwr_ex.o
 .debug_info    0x00006b0d      0x8ff ./Drivers/STM32F4xx_HAL_Driver/Src/stm32f4xx_hal_rcc.o
 .debug_info    0x0000740c      0x960 ./Drivers/STM32F4xx_HAL_Driver/Src/stm32f4xx_hal_rcc_ex.o
 .debug_info    0x00007d6c     0x299d ./Drivers/STM32F4xx_HAL_Driver/Src/stm32f4xx_hal_tim.o
 .debug_info    0x0000a709     0x14db ./Drivers/STM32F4xx_HAL_Driver/Src/stm32f4xx_hal_tim_ex.o
 .debug_info    0x0000bbe4     0x2f4f ./Drivers/STM32F4xx_HAL_Driver/Src/stm32f4xx_hal_uart.o

.debug_abbrev   0x00000000     0x2727
 .debug_abbrev  0x00000000      0x10e ./Core/Src/dma.o
 .debug_abbrev  0x0000010e      0x240 ./Core/Src/dshot.o
 .debug_abbrev  0x0000034e      0x152 ./Core/Src/gpio.o
 .debug_abbrev  0x000004a0      0x26b ./Core/Src/main.o
 .debug_abbrev  0x0000070b       0xf4 ./Core/Src/stm32f4xx_hal_msp.o
 .debug_abbrev  0x000007ff      0x186 ./Core/Src/stm32f4xx_it.o
 .debug_abbrev  0x00000985      0x11a ./Core/Src/system_stm32f4xx.o
 .debug_abbrev  0x00000a9f      0x262 ./Core/Src/tim.o
 .debug_abbrev  0x00000d01      0x1f9 ./Core/Src/usart.o
 .debug_abbrev  0x00000efa       0x24 ./Core/Startup/startup_stm32f446retx.o
 .debug_abbrev  0x00000f1e      0x214 ./Drivers/STM32F4xx_HAL_Driver/Src/stm32f4xx_hal.o
 .debug_abbrev  0x00001132      0x31d ./Drivers/STM32F4xx_HAL_Driver/Src/stm32f4xx_hal_cortex.o
 .debug_abbrev  0x0000144f      0x264 ./Drivers/STM32F4xx_HAL_Driver/Src/stm32f4xx_hal_dma.o
 .debug_abbrev  0x000016b3      0x1d4 ./Drivers/STM32F4xx_HAL_Driver/Src/stm32f4xx_hal_gpio.o
 .debug_abbrev  0x00001887      0x1cf ./Drivers/STM32F4xx_HAL_Driver/Src/stm32f4xx_hal_pwr_ex.o
 .debug_abbrev  0x00001a56      0x2b7 ./Drivers/STM32F4xx_HAL_Driver/Src/stm32f4xx_hal_rcc.o
 .debug_abbrev  0x00001d0d      0x211 ./Drivers/STM32F4xx_HAL_Driver/Src/stm32f4xx_hal_rcc_ex.o
 .debug_abbrev  0x00001f1e      0x278 ./Drivers/STM32F4xx_HAL_Driver/Src/stm32f4xx_hal_tim.o
 .debug_abbrev  0x00002196      0x283 ./Drivers/STM32F4xx_HAL_Driver/Src/stm32f4xx_hal_tim_ex.o
 .debug_abbrev  0x00002419      0x30e ./Drivers/STM32F4xx_HAL_Driver/Src/stm32f4xx_hal_uart.o

.debug_aranges  0x00000000      0xe30
 .debug_aranges
                0x00000000       0x20 ./Core/Src/dma.o
 .debug_aranges
                0x00000020       0x78 ./Core/Src/dshot.o
 .debug_aranges
                0x00000098       0x20 ./Core/Src/gpio.o
 .debug_aranges
                0x000000b8       0x48 ./Core/Src/main.o
 .debug_aranges
                0x00000100       0x20 ./Core/Src/stm32f4xx_hal_msp.o
 .debug_aranges
                0x00000120       0xa0 ./Core/Src/stm32f4xx_it.o
 .debug_aranges
                0x000001c0       0x28 ./Core/Src/system_stm32f4xx.o
 .debug_aranges
                0x000001e8       0x48 ./Core/Src/tim.o
 .debug_aranges
                0x00000230       0x30 ./Core/Src/usart.o
 .debug_aranges
                0x00000260       0x28 ./Core/Startup/startup_stm32f446retx.o
 .debug_aranges
                0x00000288       0xf0 ./Drivers/STM32F4xx_HAL_Driver/Src/stm32f4xx_hal.o
 .debug_aranges
                0x00000378      0x130 ./Drivers/STM32F4xx_HAL_Driver/Src/stm32f4xx_hal_cortex.o
 .debug_aranges
                0x000004a8       0x90 ./Drivers/STM32F4xx_HAL_Driver/Src/stm32f4xx_hal_dma.o
 .debug_aranges
                0x00000538       0x58 ./Drivers/STM32F4xx_HAL_Driver/Src/stm32f4xx_hal_gpio.o
 .debug_aranges
                0x00000590       0x60 ./Drivers/STM32F4xx_HAL_Driver/Src/stm32f4xx_hal_pwr_ex.o
 .debug_aranges
                0x000005f0       0x88 ./Drivers/STM32F4xx_HAL_Driver/Src/stm32f4xx_hal_rcc.o
 .debug_aranges
                0x00000678       0x78 ./Drivers/STM32F4xx_HAL_Driver/Src/stm32f4xx_hal_rcc_ex.o
 .debug_aranges
                0x000006f0      0x3d0 ./Drivers/STM32F4xx_HAL_Driver/Src/stm32f4xx_hal_tim.o
 .debug_aranges
                0x00000ac0      0x168 ./Drivers/STM32F4xx_HAL_Driver/Src/stm32f4xx_hal_tim_ex.o
 .debug_aranges
                0x00000c28      0x208 ./Drivers/STM32F4xx_HAL_Driver/Src/stm32f4xx_hal_uart.o

.debug_rnglists
                0x00000000      0xb0a
 .debug_rnglists
                0x00000000       0x14 ./Core/Src/dma.o
 .debug_rnglists
                0x00000014       0x5a ./Core/Src/dshot.o
 .debug_rnglists
                0x0000006e       0x14 ./Core/Src/gpio.o
 .debug_rnglists
                0x00000082       0x34 ./Core/Src/main.o
 .debug_rnglists
                0x000000b6       0x13 ./Core/Src/stm32f4xx_hal_msp.o
 .debug_rnglists
                0x000000c9       0x73 ./Core/Src/stm32f4xx_it.o
 .debug_rnglists
                0x0000013c       0x1a ./Core/Src/system_stm32f4xx.o
 .debug_rnglists
                0x00000156       0x37 ./Core/Src/tim.o
 .debug_rnglists
                0x0000018d       0x20 ./Core/Src/usart.o
 .debug_rnglists
                0x000001ad       0x19 ./Core/Startup/startup_stm32f446retx.o
 .debug_rnglists
                0x000001c6       0xaf ./Drivers/STM32F4xx_HAL_Driver/Src/stm32f4xx_hal.o
 .debug_rnglists
                0x00000275       0xe0 ./Drivers/STM32F4xx_HAL_Driver/Src/stm32f4xx_hal_cortex.o
 .debug_rnglists
                0x00000355       0x70 ./Drivers/STM32F4xx_HAL_Driver/Src/stm32f4xx_hal_dma.o
 .debug_rnglists
                0x000003c5       0x3f ./Drivers/STM32F4xx_HAL_Driver/Src/stm32f4xx_hal_gpio.o
 .debug_rnglists
                0x00000404       0x47 ./Drivers/STM32F4xx_HAL_Driver/Src/stm32f4xx_hal_pwr_ex.o
 .debug_rnglists
                0x0000044b       0x66 ./Drivers/STM32F4xx_HAL_Driver/Src/stm32f4xx_hal_rcc.o
 .debug_rnglists
                0x000004b1       0x5e ./Drivers/STM32F4xx_HAL_Driver/Src/stm32f4xx_hal_rcc_ex.o
 .debug_rnglists
                0x0000050f      0x31a ./Drivers/STM32F4xx_HAL_Driver/Src/stm32f4xx_hal_tim.o
 .debug_rnglists
                0x00000829      0x125 ./Drivers/STM32F4xx_HAL_Driver/Src/stm32f4xx_hal_tim_ex.o
 .debug_rnglists
                0x0000094e      0x1bc ./Drivers/STM32F4xx_HAL_Driver/Src/stm32f4xx_hal_uart.o

.debug_macro    0x00000000    0x22930
 .debug_macro   0x00000000      0x1e7 ./Core/Src/dma.o
 .debug_macro   0x000001e7      0xad8 ./Core/Src/dma.o
 .debug_macro   0x00000cbf      0x29b ./Core/Src/dma.o
 .debug_macro   0x00000f5a       0x2e ./Core/Src/dma.o
 .debug_macro   0x00000f88       0x28 ./Core/Src/dma.o
 .debug_macro   0x00000fb0       0x22 ./Core/Src/dma.o
 .debug_macro   0x00000fd2       0x8e ./Core/Src/dma.o
 .debug_macro   0x00001060       0x51 ./Core/Src/dma.o
 .debug_macro   0x000010b1      0x103 ./Core/Src/dma.o
 .debug_macro   0x000011b4       0x6a ./Core/Src/dma.o
 .debug_macro   0x0000121e      0x1df ./Core/Src/dma.o
 .debug_macro   0x000013fd       0x1c ./Core/Src/dma.o
 .debug_macro   0x00001419       0x22 ./Core/Src/dma.o
 .debug_macro   0x0000143b       0xfb ./Core/Src/dma.o
 .debug_macro   0x00001536     0x1011 ./Core/Src/dma.o
 .debug_macro   0x00002547      0x11f ./Core/Src/dma.o
 .debug_macro   0x00002666    0x1675e ./Core/Src/dma.o
 .debug_macro   0x00018dc4       0x6d ./Core/Src/dma.o
 .debug_macro   0x00018e31     0x3693 ./Core/Src/dma.o
 .debug_macro   0x0001c4c4      0x190 ./Core/Src/dma.o
 .debug_macro   0x0001c654       0x5c ./Core/Src/dma.o
 .debug_macro   0x0001c6b0      0xca5 ./Core/Src/dma.o
 .debug_macro   0x0001d355      0x9e9 ./Core/Src/dma.o
 .debug_macro   0x0001dd3e      0x115 ./Core/Src/dma.o
 .debug_macro   0x0001de53      0x1a0 ./Core/Src/dma.o
 .debug_macro   0x0001dff3       0xa5 ./Core/Src/dma.o
 .debug_macro   0x0001e098      0x16d ./Core/Src/dma.o
 .debug_macro   0x0001e205      0x287 ./Core/Src/dma.o
 .debug_macro   0x0001e48c       0x5f ./Core/Src/dma.o
 .debug_macro   0x0001e4eb      0x236 ./Core/Src/dma.o
 .debug_macro   0x0001e721      0x132 ./Core/Src/dma.o
 .debug_macro   0x0001e853      0x29c ./Core/Src/dma.o
 .debug_macro   0x0001eaef       0x2e ./Core/Src/dma.o
 .debug_macro   0x0001eb1d      0x127 ./Core/Src/dma.o
 .debug_macro   0x0001ec44       0xe8 ./Core/Src/dma.o
 .debug_macro   0x0001ed2c       0x89 ./Core/Src/dma.o
 .debug_macro   0x0001edb5      0x8ed ./Core/Src/dma.o
 .debug_macro   0x0001f6a2       0x53 ./Core/Src/dma.o
 .debug_macro   0x0001f6f5      0x2aa ./Core/Src/dma.o
 .debug_macro   0x0001f99f      0x126 ./Core/Src/dma.o
 .debug_macro   0x0001fac5       0x58 ./Core/Src/dma.o
 .debug_macro   0x0001fb1d      0x2aa ./Core/Src/dshot.o
 .debug_macro   0x0001fdc7       0x22 ./Core/Src/dshot.o
 .debug_macro   0x0001fde9       0x61 ./Core/Src/dshot.o
 .debug_macro   0x0001fe4a       0x2a ./Core/Src/dshot.o
 .debug_macro   0x0001fe74       0x43 ./Core/Src/dshot.o
 .debug_macro   0x0001feb7       0x34 ./Core/Src/dshot.o
 .debug_macro   0x0001feeb      0x370 ./Core/Src/dshot.o
 .debug_macro   0x0002025b       0x16 ./Core/Src/dshot.o
 .debug_macro   0x00020271       0x4a ./Core/Src/dshot.o
 .debug_macro   0x000202bb       0x34 ./Core/Src/dshot.o
 .debug_macro   0x000202ef       0x10 ./Core/Src/dshot.o
 .debug_macro   0x000202ff       0x58 ./Core/Src/dshot.o
 .debug_macro   0x00020357       0x8e ./Core/Src/dshot.o
 .debug_macro   0x000203e5       0x1c ./Core/Src/dshot.o
 .debug_macro   0x00020401      0x185 ./Core/Src/dshot.o
 .debug_macro   0x00020586      0x19b ./Core/Src/dshot.o
 .debug_macro   0x00020721      0x142 ./Core/Src/dshot.o
 .debug_macro   0x00020863      0x1e7 ./Core/Src/gpio.o
 .debug_macro   0x00020a4a      0x2d0 ./Core/Src/main.o
 .debug_macro   0x00020d1a      0x1dd ./Core/Src/stm32f4xx_hal_msp.o
 .debug_macro   0x00020ef7      0x1e7 ./Core/Src/stm32f4xx_it.o
 .debug_macro   0x000210de      0x1ce ./Core/Src/system_stm32f4xx.o
 .debug_macro   0x000212ac      0x1e7 ./Core/Src/tim.o
 .debug_macro   0x00021493      0x1e7 ./Core/Src/usart.o
 .debug_macro   0x0002167a      0x22e ./Drivers/STM32F4xx_HAL_Driver/Src/stm32f4xx_hal.o
 .debug_macro   0x000218a8      0x1ce ./Drivers/STM32F4xx_HAL_Driver/Src/stm32f4xx_hal_cortex.o
 .debug_macro   0x00021a76      0x1d4 ./Drivers/STM32F4xx_HAL_Driver/Src/stm32f4xx_hal_dma.o
 .debug_macro   0x00021c4a      0x1d4 ./Drivers/STM32F4xx_HAL_Driver/Src/stm32f4xx_hal_gpio.o
 .debug_macro   0x00021e1e      0x1e6 ./Drivers/STM32F4xx_HAL_Driver/Src/stm32f4xx_hal_pwr_ex.o
 .debug_macro   0x00022004      0x1f2 ./Drivers/STM32F4xx_HAL_Driver/Src/stm32f4xx_hal_rcc.o
 .debug_macro   0x000221f6      0x1ce ./Drivers/STM32F4xx_HAL_Driver/Src/stm32f4xx_hal_rcc_ex.o
 .debug_macro   0x000223c4      0x1cf ./Drivers/STM32F4xx_HAL_Driver/Src/stm32f4xx_hal_tim.o
 .debug_macro   0x00022593      0x1ce ./Drivers/STM32F4xx_HAL_Driver/Src/stm32f4xx_hal_tim_ex.o
 .debug_macro   0x00022761      0x1cf ./Drivers/STM32F4xx_HAL_Driver/Src/stm32f4xx_hal_uart.o

.debug_line     0x00000000    0x12521
 .debug_line    0x00000000      0x750 ./Core/Src/dma.o
 .debug_line    0x00000750      0xb3b ./Core/Src/dshot.o
 .debug_line    0x0000128b      0x760 ./Core/Src/gpio.o
 .debug_line    0x000019eb      0x9ed ./Core/Src/main.o
 .debug_line    0x000023d8      0x747 ./Core/Src/stm32f4xx_hal_msp.o
 .debug_line    0x00002b1f      0x8b5 ./Core/Src/stm32f4xx_it.o
 .debug_line    0x000033d4      0x7bc ./Core/Src/system_stm32f4xx.o
 .debug_line    0x00003b90      0xb42 ./Core/Src/tim.o
 .debug_line    0x000046d2      0x7b4 ./Core/Src/usart.o
 .debug_line    0x00004e86       0x7a ./Core/Startup/startup_stm32f446retx.o
 .debug_line    0x00004f00      0xa38 ./Drivers/STM32F4xx_HAL_Driver/Src/stm32f4xx_hal.o
 .debug_line    0x00005938      0xd08 ./Drivers/STM32F4xx_HAL_Driver/Src/stm32f4xx_hal_cortex.o
 .debug_line    0x00006640      0xfa4 ./Drivers/STM32F4xx_HAL_Driver/Src/stm32f4xx_hal_dma.o
 .debug_line    0x000075e4      0xb7c ./Drivers/STM32F4xx_HAL_Driver/Src/stm32f4xx_hal_gpio.o
 .debug_line    0x00008160      0x9a5 ./Drivers/STM32F4xx_HAL_Driver/Src/stm32f4xx_hal_pwr_ex.o
 .debug_line    0x00008b05      0xe53 ./Drivers/STM32F4xx_HAL_Driver/Src/stm32f4xx_hal_rcc.o
 .debug_line    0x00009958     0x1504 ./Drivers/STM32F4xx_HAL_Driver/Src/stm32f4xx_hal_rcc_ex.o
 .debug_line    0x0000ae5c     0x37ad ./Drivers/STM32F4xx_HAL_Driver/Src/stm32f4xx_hal_tim.o
 .debug_line    0x0000e609     0x1998 ./Drivers/STM32F4xx_HAL_Driver/Src/stm32f4xx_hal_tim_ex.o
 .debug_line    0x0000ffa1     0x2580 ./Drivers/STM32F4xx_HAL_Driver/Src/stm32f4xx_hal_uart.o

.debug_str      0x00000000    0xd1938
 .debug_str     0x00000000    0xd1938 ./Core/Src/dma.o
                              0xc9e8a (size before relaxing)
 .debug_str     0x000d1938    0xcdf0a ./Core/Src/dshot.o
 .debug_str     0x000d1938    0xc99f7 ./Core/Src/gpio.o
 .debug_str     0x000d1938    0xcdba1 ./Core/Src/main.o
 .debug_str     0x000d1938    0xc9949 ./Core/Src/stm32f4xx_hal_msp.o
 .debug_str     0x000d1938    0xc9c3f ./Core/Src/stm32f4xx_it.o
 .debug_str     0x000d1938    0xc98b6 ./Core/Src/system_stm32f4xx.o
 .debug_str     0x000d1938    0xca14a ./Core/Src/tim.o
 .debug_str     0x000d1938    0xc9eb4 ./Core/Src/usart.o
 .debug_str     0x000d1938       0x97 ./Core/Startup/startup_stm32f446retx.o
 .debug_str     0x000d1938    0xca47b ./Drivers/STM32F4xx_HAL_Driver/Src/stm32f4xx_hal.o
 .debug_str     0x000d1938    0xca1d2 ./Drivers/STM32F4xx_HAL_Driver/Src/stm32f4xx_hal_cortex.o
 .debug_str     0x000d1938    0xc9cab ./Drivers/STM32F4xx_HAL_Driver/Src/stm32f4xx_hal_dma.o
 .debug_str     0x000d1938    0xc9a31 ./Drivers/STM32F4xx_HAL_Driver/Src/stm32f4xx_hal_gpio.o
 .debug_str     0x000d1938    0xc9a8e ./Drivers/STM32F4xx_HAL_Driver/Src/stm32f4xx_hal_pwr_ex.o
 .debug_str     0x000d1938    0xc9cef ./Drivers/STM32F4xx_HAL_Driver/Src/stm32f4xx_hal_rcc.o
 .debug_str     0x000d1938    0xc9d22 ./Drivers/STM32F4xx_HAL_Driver/Src/stm32f4xx_hal_rcc_ex.o
 .debug_str     0x000d1938    0xcac1b ./Drivers/STM32F4xx_HAL_Driver/Src/stm32f4xx_hal_tim.o
 .debug_str     0x000d1938    0xca427 ./Drivers/STM32F4xx_HAL_Driver/Src/stm32f4xx_hal_tim_ex.o
 .debug_str     0x000d1938    0xca2a6 ./Drivers/STM32F4xx_HAL_Driver/Src/stm32f4xx_hal_uart.o

.comment        0x00000000       0x43
 .comment       0x00000000       0x43 ./Core/Src/dma.o
                                 0x44 (size before relaxing)
 .comment       0x00000043       0x44 ./Core/Src/dshot.o
 .comment       0x00000043       0x44 ./Core/Src/gpio.o
 .comment       0x00000043       0x44 ./Core/Src/main.o
 .comment       0x00000043       0x44 ./Core/Src/stm32f4xx_hal_msp.o
 .comment       0x00000043       0x44 ./Core/Src/stm32f4xx_it.o
 .comment       0x00000043       0x44 ./Core/Src/system_stm32f4xx.o
 .comment       0x00000043       0x44 ./Core/Src/tim.o
 .comment       0x00000043       0x44 ./Core/Src/usart.o
 .comment       0x00000043       0x44 ./Drivers/STM32F4xx_HAL_Driver/Src/stm32f4xx_hal.o
 .comment       0x00000043       0x44 ./Drivers/STM32F4xx_HAL_Driver/Src/stm32f4xx_hal_cortex.o
 .comment       0x00000043       0x44 ./Drivers/STM32F4xx_HAL_Driver/Src/stm32f4xx_hal_dma.o
 .comment       0x00000043       0x44 ./Drivers/STM32F4xx_HAL_Driver/Src/stm32f4xx_hal_gpio.o
 .comment       0x00000043       0x44 ./Drivers/STM32F4xx_HAL_Driver/Src/stm32f4xx_hal_pwr_ex.o
 .comment       0x00000043       0x44 ./Drivers/STM32F4xx_HAL_Driver/Src/stm32f4xx_hal_rcc.o
 .comment       0x00000043       0x44 ./Drivers/STM32F4xx_HAL_Driver/Src/stm32f4xx_hal_rcc_ex.o
 .comment       0x00000043       0x44 ./Drivers/STM32F4xx_HAL_Driver/Src/stm32f4xx_hal_tim.o
 .comment       0x00000043       0x44 ./Drivers/STM32F4xx_HAL_Driver/Src/stm32f4xx_hal_tim_ex.o
 .comment       0x00000043       0x44 ./Drivers/STM32F4xx_HAL_Driver/Src/stm32f4xx_hal_uart.o

.debug_frame    0x00000000     0x3a3c
 .debug_frame   0x00000000       0x34 ./Core/Src/dma.o
 .debug_frame   0x00000034      0x1c4 ./Core/Src/dshot.o
 .debug_frame   0x000001f8       0x34 ./Core/Src/gpio.o
 .debug_frame   0x0000022c       0xdc ./Core/Src/main.o
 .debug_frame   0x00000308       0x34 ./Core/Src/stm32f4xx_hal_msp.o
 .debug_frame   0x0000033c      0x1e4 ./Core/Src/stm32f4xx_it.o
 .debug_frame   0x00000520       0x58 ./Core/Src/system_stm32f4xx.o
 .debug_frame   0x00000578       0xec ./Core/Src/tim.o
 .debug_frame   0x00000664       0x74 ./Core/Src/usart.o
 .debug_frame   0x000006d8      0x374 ./Drivers/STM32F4xx_HAL_Driver/Src/stm32f4xx_hal.o
 .debug_frame   0x00000a4c      0x508 ./Drivers/STM32F4xx_HAL_Driver/Src/stm32f4xx_hal_cortex.o
 .debug_frame   0x00000f54      0x250 ./Drivers/STM32F4xx_HAL_Driver/Src/stm32f4xx_hal_dma.o
 .debug_frame   0x000011a4      0x14c ./Drivers/STM32F4xx_HAL_Driver/Src/stm32f4xx_hal_gpio.o
 .debug_frame   0x000012f0      0x14c ./Drivers/STM32F4xx_HAL_Driver/Src/stm32f4xx_hal_pwr_ex.o
 .debug_frame   0x0000143c      0x1f4 ./Drivers/STM32F4xx_HAL_Driver/Src/stm32f4xx_hal_rcc.o
 .debug_frame   0x00001630      0x1e8 ./Drivers/STM32F4xx_HAL_Driver/Src/stm32f4xx_hal_rcc_ex.o
 .debug_frame   0x00001818     0x11c0 ./Drivers/STM32F4xx_HAL_Driver/Src/stm32f4xx_hal_tim.o
 .debug_frame   0x000029d8      0x638 ./Drivers/STM32F4xx_HAL_Driver/Src/stm32f4xx_hal_tim_ex.o
 .debug_frame   0x00003010      0x954 ./Drivers/STM32F4xx_HAL_Driver/Src/stm32f4xx_hal_uart.o
 .debug_frame   0x00003964       0x2c C:/ST/STM32CubeIDE_1.14.1/STM32CubeIDE/plugins/com.st.stm32cube.ide.mcu.externaltools.gnu-tools-for-stm32.13.3.rel1.win32_1.0.0.202411081344/tools/bin/../lib/gcc/arm-none-eabi/13.3.1/../../../../arm-none-eabi/lib/thumb/v7e-m+fp/hard\libm.a(libm_a-sf_lrint.o)
 .debug_frame   0x00003990       0x20 C:/ST/STM32CubeIDE_1.14.1/STM32CubeIDE/plugins/com.st.stm32cube.ide.mcu.externaltools.gnu-tools-for-stm32.13.3.rel1.win32_1.0.0.202411081344/tools/bin/../lib/gcc/arm-none-eabi/13.3.1/../../../../arm-none-eabi/lib/thumb/v7e-m+fp/hard\libc_nano.a(libc_a-memset.o)
 .debug_frame   0x000039b0       0x2c C:/ST/STM32CubeIDE_1.14.1/STM32CubeIDE/plugins/com.st.stm32cube.ide.mcu.externaltools.gnu-tools-for-stm32.13.3.rel1.win32_1.0.0.202411081344/tools/bin/../lib/gcc/arm-none-eabi/13.3.1/../../../../arm-none-eabi/lib/thumb/v7e-m+fp/hard\libc_nano.a(libc_a-init.o)
 .debug_frame   0x000039dc       0x2c C:/ST/STM32CubeIDE_1.14.1/STM32CubeIDE/plugins/com.st.stm32cube.ide.mcu.externaltools.gnu-tools-for-stm32.13.3.rel1.win32_1.0.0.202411081344/tools/bin/../lib/gcc/arm-none-eabi/13.3.1/thumb/v7e-m+fp/hard\libgcc.a(_aeabi_uldivmod.o)
 .debug_frame   0x00003a08       0x34 C:/ST/STM32CubeIDE_1.14.1/STM32CubeIDE/plugins/com.st.stm32cube.ide.mcu.externaltools.gnu-tools-for-stm32.13.3.rel1.win32_1.0.0.202411081344/tools/bin/../lib/gcc/arm-none-eabi/13.3.1/thumb/v7e-m+fp/hard\libgcc.a(_udivmoddi4.o)

.debug_line_str
                0x00000000       0x7b
 .debug_line_str
                0x00000000       0x7b ./Core/Startup/startup_stm32f446retx.o
