../Core/Src/pb_encode.c:53:25:buf_write	32	static
../Core/Src/pb_encode.c:63:14:pb_ostream_from_buffer	56	static
../Core/Src/pb_encode.c:84:18:pb_write	24	static
../Core/Src/pb_encode.c:115:13:safe_read_bool	24	static
../Core/Src/pb_encode.c:128:25:encode_array	64	static
../Core/Src/pb_encode.c:244:25:pb_check_proto3_default_value	80	static
../Core/Src/pb_encode.c:362:25:encode_basic_field	16	static
../Core/Src/pb_encode.c:407:25:encode_callback_field	16	static
../Core/Src/pb_encode.c:418:25:encode_field	16	static
../Core/Src/pb_encode.c:474:25:default_extension_encoder	56	static
../Core/Src/pb_encode.c:487:25:encode_extension_field	24	static
../Core/Src/pb_encode.c:512:18:pb_encode	64	static
../Core/Src/pb_encode.c:536:18:pb_encode_ex	32	static
../Core/Src/pb_encode.c:557:6:pb_get_encoded_size	48	static
../Core/Src/pb_encode.c:573:25:pb_encode_varint_32	40	static
../Core/Src/pb_encode.c:607:18:pb_encode_varint	40	static
../Core/Src/pb_encode.c:625:18:pb_encode_svarint	72	static
../Core/Src/pb_encode.c:637:18:pb_encode_fixed32	16	static
../Core/Src/pb_encode.c:654:18:pb_encode_fixed64	16	static
../Core/Src/pb_encode.c:675:18:pb_encode_tag	64	static
../Core/Src/pb_encode.c:681:6:pb_encode_tag_for_field	24	static
../Core/Src/pb_encode.c:716:18:pb_encode_string	32	static
../Core/Src/pb_encode.c:724:18:pb_encode_submessage	64	static
../Core/Src/pb_encode.c:776:25:pb_enc_bool	32	static
../Core/Src/pb_encode.c:783:25:pb_enc_varint	80	static
../Core/Src/pb_encode.c:831:25:pb_enc_fixed	16	static
../Core/Src/pb_encode.c:856:25:pb_enc_bytes	24	static
../Core/Src/pb_encode.c:877:25:pb_enc_string	32	static
../Core/Src/pb_encode.c:930:25:pb_enc_submessage	24	static
../Core/Src/pb_encode.c:949:25:pb_enc_fixed_length_bytes	16	static
