../Drivers/STM32F4xx_HAL_Driver/Src/stm32f4xx_hal_fmpi2c.c:536:19:HAL_FMPI2C_Init	16	static
../Drivers/STM32F4xx_HAL_Driver/Src/stm32f4xx_hal_fmpi2c.c:651:19:HAL_FMPI2C_DeInit	16	static
../Drivers/STM32F4xx_HAL_Driver/Src/stm32f4xx_hal_fmpi2c.c:697:13:HAL_FMPI2C_MspInit	16	static
../Drivers/STM32F4xx_HAL_Driver/Src/stm32f4xx_hal_fmpi2c.c:713:13:HAL_FMPI2C_MspDeInit	16	static
../Drivers/STM32F4xx_HAL_Driver/Src/stm32f4xx_hal_fmpi2c.c:1120:19:HAL_FMPI2C_Master_Transmit	40	static
../Drivers/STM32F4xx_HAL_Driver/Src/stm32f4xx_hal_fmpi2c.c:1261:19:HAL_FMPI2C_Master_Receive	40	static
../Drivers/STM32F4xx_HAL_Driver/Src/stm32f4xx_hal_fmpi2c.c:1379:19:HAL_FMPI2C_Slave_Transmit	40	static
../Drivers/STM32F4xx_HAL_Driver/Src/stm32f4xx_hal_fmpi2c.c:1554:19:HAL_FMPI2C_Slave_Receive	40	static
../Drivers/STM32F4xx_HAL_Driver/Src/stm32f4xx_hal_fmpi2c.c:1684:19:HAL_FMPI2C_Master_Transmit_IT	40	static
../Drivers/STM32F4xx_HAL_Driver/Src/stm32f4xx_hal_fmpi2c.c:1774:19:HAL_FMPI2C_Master_Receive_IT	40	static
../Drivers/STM32F4xx_HAL_Driver/Src/stm32f4xx_hal_fmpi2c.c:1843:19:HAL_FMPI2C_Slave_Transmit_IT	24	static
../Drivers/STM32F4xx_HAL_Driver/Src/stm32f4xx_hal_fmpi2c.c:1907:19:HAL_FMPI2C_Slave_Receive_IT	24	static
../Drivers/STM32F4xx_HAL_Driver/Src/stm32f4xx_hal_fmpi2c.c:1959:19:HAL_FMPI2C_Master_Transmit_DMA	48	static
../Drivers/STM32F4xx_HAL_Driver/Src/stm32f4xx_hal_fmpi2c.c:2122:19:HAL_FMPI2C_Master_Receive_DMA	40	static
../Drivers/STM32F4xx_HAL_Driver/Src/stm32f4xx_hal_fmpi2c.c:2267:19:HAL_FMPI2C_Slave_Transmit_DMA	32	static
../Drivers/STM32F4xx_HAL_Driver/Src/stm32f4xx_hal_fmpi2c.c:2403:19:HAL_FMPI2C_Slave_Receive_DMA	32	static
../Drivers/STM32F4xx_HAL_Driver/Src/stm32f4xx_hal_fmpi2c.c:2512:19:HAL_FMPI2C_Mem_Write	40	static
../Drivers/STM32F4xx_HAL_Driver/Src/stm32f4xx_hal_fmpi2c.c:2649:19:HAL_FMPI2C_Mem_Read	40	static
../Drivers/STM32F4xx_HAL_Driver/Src/stm32f4xx_hal_fmpi2c.c:2786:19:HAL_FMPI2C_Mem_Write_IT	32	static
../Drivers/STM32F4xx_HAL_Driver/Src/stm32f4xx_hal_fmpi2c.c:2874:19:HAL_FMPI2C_Mem_Read_IT	32	static
../Drivers/STM32F4xx_HAL_Driver/Src/stm32f4xx_hal_fmpi2c.c:2961:19:HAL_FMPI2C_Mem_Write_DMA	40	static
../Drivers/STM32F4xx_HAL_Driver/Src/stm32f4xx_hal_fmpi2c.c:3107:19:HAL_FMPI2C_Mem_Read_DMA	40	static
../Drivers/STM32F4xx_HAL_Driver/Src/stm32f4xx_hal_fmpi2c.c:3252:19:HAL_FMPI2C_IsDeviceReady	48	static
../Drivers/STM32F4xx_HAL_Driver/Src/stm32f4xx_hal_fmpi2c.c:3378:19:HAL_FMPI2C_Master_Seq_Transmit_IT	48	static
../Drivers/STM32F4xx_HAL_Driver/Src/stm32f4xx_hal_fmpi2c.c:3492:19:HAL_FMPI2C_Master_Seq_Transmit_DMA	48	static
../Drivers/STM32F4xx_HAL_Driver/Src/stm32f4xx_hal_fmpi2c.c:3689:19:HAL_FMPI2C_Master_Seq_Receive_IT	40	static
../Drivers/STM32F4xx_HAL_Driver/Src/stm32f4xx_hal_fmpi2c.c:3776:19:HAL_FMPI2C_Master_Seq_Receive_DMA	48	static
../Drivers/STM32F4xx_HAL_Driver/Src/stm32f4xx_hal_fmpi2c.c:3942:19:HAL_FMPI2C_Slave_Seq_Transmit_IT	32	static
../Drivers/STM32F4xx_HAL_Driver/Src/stm32f4xx_hal_fmpi2c.c:4042:19:HAL_FMPI2C_Slave_Seq_Transmit_DMA	32	static
../Drivers/STM32F4xx_HAL_Driver/Src/stm32f4xx_hal_fmpi2c.c:4226:19:HAL_FMPI2C_Slave_Seq_Receive_IT	32	static
../Drivers/STM32F4xx_HAL_Driver/Src/stm32f4xx_hal_fmpi2c.c:4326:19:HAL_FMPI2C_Slave_Seq_Receive_DMA	32	static
../Drivers/STM32F4xx_HAL_Driver/Src/stm32f4xx_hal_fmpi2c.c:4506:19:HAL_FMPI2C_EnableListen_IT	16	static
../Drivers/STM32F4xx_HAL_Driver/Src/stm32f4xx_hal_fmpi2c.c:4530:19:HAL_FMPI2C_DisableListen_IT	24	static
../Drivers/STM32F4xx_HAL_Driver/Src/stm32f4xx_hal_fmpi2c.c:4563:19:HAL_FMPI2C_Master_Abort_IT	24	static
../Drivers/STM32F4xx_HAL_Driver/Src/stm32f4xx_hal_fmpi2c.c:4625:6:HAL_FMPI2C_EV_IRQHandler	24	static
../Drivers/STM32F4xx_HAL_Driver/Src/stm32f4xx_hal_fmpi2c.c:4644:6:HAL_FMPI2C_ER_IRQHandler	32	static
../Drivers/STM32F4xx_HAL_Driver/Src/stm32f4xx_hal_fmpi2c.c:4696:13:HAL_FMPI2C_MasterTxCpltCallback	16	static
../Drivers/STM32F4xx_HAL_Driver/Src/stm32f4xx_hal_fmpi2c.c:4712:13:HAL_FMPI2C_MasterRxCpltCallback	16	static
../Drivers/STM32F4xx_HAL_Driver/Src/stm32f4xx_hal_fmpi2c.c:4727:13:HAL_FMPI2C_SlaveTxCpltCallback	16	static
../Drivers/STM32F4xx_HAL_Driver/Src/stm32f4xx_hal_fmpi2c.c:4743:13:HAL_FMPI2C_SlaveRxCpltCallback	16	static
../Drivers/STM32F4xx_HAL_Driver/Src/stm32f4xx_hal_fmpi2c.c:4761:13:HAL_FMPI2C_AddrCallback	16	static
../Drivers/STM32F4xx_HAL_Driver/Src/stm32f4xx_hal_fmpi2c.c:4779:13:HAL_FMPI2C_ListenCpltCallback	16	static
../Drivers/STM32F4xx_HAL_Driver/Src/stm32f4xx_hal_fmpi2c.c:4795:13:HAL_FMPI2C_MemTxCpltCallback	16	static
../Drivers/STM32F4xx_HAL_Driver/Src/stm32f4xx_hal_fmpi2c.c:4811:13:HAL_FMPI2C_MemRxCpltCallback	16	static
../Drivers/STM32F4xx_HAL_Driver/Src/stm32f4xx_hal_fmpi2c.c:4827:13:HAL_FMPI2C_ErrorCallback	16	static
../Drivers/STM32F4xx_HAL_Driver/Src/stm32f4xx_hal_fmpi2c.c:4843:13:HAL_FMPI2C_AbortCpltCallback	16	static
../Drivers/STM32F4xx_HAL_Driver/Src/stm32f4xx_hal_fmpi2c.c:4878:25:HAL_FMPI2C_GetState	16	static
../Drivers/STM32F4xx_HAL_Driver/Src/stm32f4xx_hal_fmpi2c.c:4890:24:HAL_FMPI2C_GetMode	16	static
../Drivers/STM32F4xx_HAL_Driver/Src/stm32f4xx_hal_fmpi2c.c:4901:10:HAL_FMPI2C_GetError	16	static
../Drivers/STM32F4xx_HAL_Driver/Src/stm32f4xx_hal_fmpi2c.c:4926:26:FMPI2C_Master_ISR_IT	40	static
../Drivers/STM32F4xx_HAL_Driver/Src/stm32f4xx_hal_fmpi2c.c:5085:26:FMPI2C_Mem_ISR_IT	40	static
../Drivers/STM32F4xx_HAL_Driver/Src/stm32f4xx_hal_fmpi2c.c:5244:26:FMPI2C_Slave_ISR_IT	32	static
../Drivers/STM32F4xx_HAL_Driver/Src/stm32f4xx_hal_fmpi2c.c:5384:26:FMPI2C_Master_ISR_DMA	40	static
../Drivers/STM32F4xx_HAL_Driver/Src/stm32f4xx_hal_fmpi2c.c:5532:26:FMPI2C_Mem_ISR_DMA	40	static
../Drivers/STM32F4xx_HAL_Driver/Src/stm32f4xx_hal_fmpi2c.c:5696:26:FMPI2C_Slave_ISR_DMA	40	static
../Drivers/STM32F4xx_HAL_Driver/Src/stm32f4xx_hal_fmpi2c.c:5840:26:FMPI2C_RequestMemoryWrite	32	static
../Drivers/STM32F4xx_HAL_Driver/Src/stm32f4xx_hal_fmpi2c.c:5895:26:FMPI2C_RequestMemoryRead	32	static
../Drivers/STM32F4xx_HAL_Driver/Src/stm32f4xx_hal_fmpi2c.c:5944:13:FMPI2C_ITAddrCplt	24	static
../Drivers/STM32F4xx_HAL_Driver/Src/stm32f4xx_hal_fmpi2c.c:6039:13:FMPI2C_ITMasterSeqCplt	16	static
../Drivers/STM32F4xx_HAL_Driver/Src/stm32f4xx_hal_fmpi2c.c:6092:13:FMPI2C_ITSlaveSeqCplt	24	static
../Drivers/STM32F4xx_HAL_Driver/Src/stm32f4xx_hal_fmpi2c.c:6166:13:FMPI2C_ITMasterCplt	32	static
../Drivers/STM32F4xx_HAL_Driver/Src/stm32f4xx_hal_fmpi2c.c:6309:13:FMPI2C_ITSlaveCplt	32	static
../Drivers/STM32F4xx_HAL_Driver/Src/stm32f4xx_hal_fmpi2c.c:6525:13:FMPI2C_ITListenCplt	16	static
../Drivers/STM32F4xx_HAL_Driver/Src/stm32f4xx_hal_fmpi2c.c:6576:13:FMPI2C_ITError	24	static
../Drivers/STM32F4xx_HAL_Driver/Src/stm32f4xx_hal_fmpi2c.c:6707:13:FMPI2C_TreatErrorCallback	16	static
../Drivers/STM32F4xx_HAL_Driver/Src/stm32f4xx_hal_fmpi2c.c:6745:13:FMPI2C_Flush_TXDR	16	static
../Drivers/STM32F4xx_HAL_Driver/Src/stm32f4xx_hal_fmpi2c.c:6766:13:FMPI2C_DMAMasterTransmitCplt	24	static
../Drivers/STM32F4xx_HAL_Driver/Src/stm32f4xx_hal_fmpi2c.c:6817:13:FMPI2C_DMASlaveTransmitCplt	24	static
../Drivers/STM32F4xx_HAL_Driver/Src/stm32f4xx_hal_fmpi2c.c:6846:13:FMPI2C_DMAMasterReceiveCplt	24	static
../Drivers/STM32F4xx_HAL_Driver/Src/stm32f4xx_hal_fmpi2c.c:6905:13:FMPI2C_DMASlaveReceiveCplt	24	static
../Drivers/STM32F4xx_HAL_Driver/Src/stm32f4xx_hal_fmpi2c.c:6934:13:FMPI2C_DMAError	24	static
../Drivers/STM32F4xx_HAL_Driver/Src/stm32f4xx_hal_fmpi2c.c:6974:13:FMPI2C_DMAAbort	24	static
../Drivers/STM32F4xx_HAL_Driver/Src/stm32f4xx_hal_fmpi2c.c:7004:26:FMPI2C_WaitOnFlagUntilTimeout	24	static
../Drivers/STM32F4xx_HAL_Driver/Src/stm32f4xx_hal_fmpi2c.c:7044:26:FMPI2C_WaitOnTXISFlagUntilTimeout	24	static
../Drivers/STM32F4xx_HAL_Driver/Src/stm32f4xx_hal_fmpi2c.c:7085:26:FMPI2C_WaitOnSTOPFlagUntilTimeout	24	static
../Drivers/STM32F4xx_HAL_Driver/Src/stm32f4xx_hal_fmpi2c.c:7123:26:FMPI2C_WaitOnRXNEFlagUntilTimeout	32	static
../Drivers/STM32F4xx_HAL_Driver/Src/stm32f4xx_hal_fmpi2c.c:7200:26:FMPI2C_IsErrorOccurred	48	static
../Drivers/STM32F4xx_HAL_Driver/Src/stm32f4xx_hal_fmpi2c.c:7341:13:FMPI2C_TransferConfig	32	static
../Drivers/STM32F4xx_HAL_Driver/Src/stm32f4xx_hal_fmpi2c.c:7368:13:FMPI2C_Enable_IRQ	24	static
../Drivers/STM32F4xx_HAL_Driver/Src/stm32f4xx_hal_fmpi2c.c:7459:13:FMPI2C_Disable_IRQ	24	static
../Drivers/STM32F4xx_HAL_Driver/Src/stm32f4xx_hal_fmpi2c.c:7522:13:FMPI2C_ConvertOtherXferOptions	16	static
